Component: ARM Compiler 5.06 update 3 (build 300) Tool: armlink [4d35c9]

==============================================================================

Section Cross References

    misc.o(i.NVIC_Init) refers to startup.o(i.assert_failed) for assert_failed
    misc.o(i.NVIC_PriorityGroupConfig) refers to startup.o(i.assert_failed) for assert_failed
    misc.o(i.NVIC_SetVectorTable) refers to startup.o(i.assert_failed) for assert_failed
    misc.o(i.NVIC_SystemLPConfig) refers to startup.o(i.assert_failed) for assert_failed
    misc.o(i.SysTick_CLKSourceConfig) refers to startup.o(i.assert_failed) for assert_failed
    stm32f10x_adc.o(i.ADC_AnalogWatchdogCmd) refers to startup.o(i.assert_failed) for assert_failed
    stm32f10x_adc.o(i.ADC_AnalogWatchdogSingleChannelConfig) refers to startup.o(i.assert_failed) for assert_failed
    stm32f10x_adc.o(i.ADC_AnalogWatchdogThresholdsConfig) refers to startup.o(i.assert_failed) for assert_failed
    stm32f10x_adc.o(i.ADC_AutoInjectedConvCmd) refers to startup.o(i.assert_failed) for assert_failed
    stm32f10x_adc.o(i.ADC_ClearFlag) refers to startup.o(i.assert_failed) for assert_failed
    stm32f10x_adc.o(i.ADC_ClearITPendingBit) refers to startup.o(i.assert_failed) for assert_failed
    stm32f10x_adc.o(i.ADC_Cmd) refers to startup.o(i.assert_failed) for assert_failed
    stm32f10x_adc.o(i.ADC_DMACmd) refers to startup.o(i.assert_failed) for assert_failed
    stm32f10x_adc.o(i.ADC_DeInit) refers to startup.o(i.assert_failed) for assert_failed
    stm32f10x_adc.o(i.ADC_DeInit) refers to stm32f10x_rcc.o(i.RCC_APB2PeriphResetCmd) for RCC_APB2PeriphResetCmd
    stm32f10x_adc.o(i.ADC_DiscModeChannelCountConfig) refers to startup.o(i.assert_failed) for assert_failed
    stm32f10x_adc.o(i.ADC_DiscModeCmd) refers to startup.o(i.assert_failed) for assert_failed
    stm32f10x_adc.o(i.ADC_ExternalTrigConvCmd) refers to startup.o(i.assert_failed) for assert_failed
    stm32f10x_adc.o(i.ADC_ExternalTrigInjectedConvCmd) refers to startup.o(i.assert_failed) for assert_failed
    stm32f10x_adc.o(i.ADC_ExternalTrigInjectedConvConfig) refers to startup.o(i.assert_failed) for assert_failed
    stm32f10x_adc.o(i.ADC_GetCalibrationStatus) refers to startup.o(i.assert_failed) for assert_failed
    stm32f10x_adc.o(i.ADC_GetConversionValue) refers to startup.o(i.assert_failed) for assert_failed
    stm32f10x_adc.o(i.ADC_GetFlagStatus) refers to startup.o(i.assert_failed) for assert_failed
    stm32f10x_adc.o(i.ADC_GetITStatus) refers to startup.o(i.assert_failed) for assert_failed
    stm32f10x_adc.o(i.ADC_GetInjectedConversionValue) refers to startup.o(i.assert_failed) for assert_failed
    stm32f10x_adc.o(i.ADC_GetResetCalibrationStatus) refers to startup.o(i.assert_failed) for assert_failed
    stm32f10x_adc.o(i.ADC_GetSoftwareStartConvStatus) refers to startup.o(i.assert_failed) for assert_failed
    stm32f10x_adc.o(i.ADC_GetSoftwareStartInjectedConvCmdStatus) refers to startup.o(i.assert_failed) for assert_failed
    stm32f10x_adc.o(i.ADC_ITConfig) refers to startup.o(i.assert_failed) for assert_failed
    stm32f10x_adc.o(i.ADC_Init) refers to startup.o(i.assert_failed) for assert_failed
    stm32f10x_adc.o(i.ADC_InjectedChannelConfig) refers to startup.o(i.assert_failed) for assert_failed
    stm32f10x_adc.o(i.ADC_InjectedDiscModeCmd) refers to startup.o(i.assert_failed) for assert_failed
    stm32f10x_adc.o(i.ADC_InjectedSequencerLengthConfig) refers to startup.o(i.assert_failed) for assert_failed
    stm32f10x_adc.o(i.ADC_RegularChannelConfig) refers to startup.o(i.assert_failed) for assert_failed
    stm32f10x_adc.o(i.ADC_ResetCalibration) refers to startup.o(i.assert_failed) for assert_failed
    stm32f10x_adc.o(i.ADC_SetInjectedOffset) refers to startup.o(i.assert_failed) for assert_failed
    stm32f10x_adc.o(i.ADC_SoftwareStartConvCmd) refers to startup.o(i.assert_failed) for assert_failed
    stm32f10x_adc.o(i.ADC_SoftwareStartInjectedConvCmd) refers to startup.o(i.assert_failed) for assert_failed
    stm32f10x_adc.o(i.ADC_StartCalibration) refers to startup.o(i.assert_failed) for assert_failed
    stm32f10x_adc.o(i.ADC_TempSensorVrefintCmd) refers to startup.o(i.assert_failed) for assert_failed
    stm32f10x_bkp.o(i.BKP_DeInit) refers to stm32f10x_rcc.o(i.RCC_BackupResetCmd) for RCC_BackupResetCmd
    stm32f10x_bkp.o(i.BKP_ITConfig) refers to startup.o(i.assert_failed) for assert_failed
    stm32f10x_bkp.o(i.BKP_RTCOutputConfig) refers to startup.o(i.assert_failed) for assert_failed
    stm32f10x_bkp.o(i.BKP_ReadBackupRegister) refers to startup.o(i.assert_failed) for assert_failed
    stm32f10x_bkp.o(i.BKP_SetRTCCalibrationValue) refers to startup.o(i.assert_failed) for assert_failed
    stm32f10x_bkp.o(i.BKP_TamperPinCmd) refers to startup.o(i.assert_failed) for assert_failed
    stm32f10x_bkp.o(i.BKP_TamperPinLevelConfig) refers to startup.o(i.assert_failed) for assert_failed
[...]
    __FUNCTION__                             0x08008507   Data          16  serial.o(.constdata)
    __FUNCTION__                             0x08008517   Data          16  serial.o(.constdata)
    __FUNCTION__                             0x08008527   Data          15  serial.o(.constdata)
    __FUNCTION__                             0x08008536   Data          15  serial.o(.constdata)
    __FUNCTION__                             0x08008545   Data          15  serial.o(.constdata)
    __FUNCTION__                             0x08008554   Data          15  serial.o(.constdata)
    __FUNCTION__                             0x08008563   Data          15  serial.o(.constdata)
    __FUNCTION__                             0x08008572   Data          16  serial.o(.constdata)
    __FUNCTION__                             0x08008582   Data          15  serial.o(.constdata)
    __FUNCTION__                             0x08008591   Data          16  serial.o(.constdata)
    __FUNCTION__                             0x080085a1   Data          18  serial.o(.constdata)
    __FUNCTION__                             0x080085b3   Data          22  serial.o(.constdata)
    __FUNCTION__                             0x080085c9   Data          17  serial.o(.constdata)
    .constdata                               0x080085da   Section       57  completion.o(.constdata)
    __FUNCTION__                             0x080085da   Data          19  completion.o(.constdata)
    __FUNCTION__                             0x080085ed   Data          19  completion.o(.constdata)
    __FUNCTION__                             0x08008600   Data          19  completion.o(.constdata)
    .constdata                               0x08008613   Section       75  dataqueue.o(.constdata)
    __FUNCTION__                             0x08008613   Data          19  dataqueue.o(.constdata)
    __FUNCTION__                             0x08008626   Data          19  dataqueue.o(.constdata)
    __FUNCTION__                             0x08008639   Data          18  dataqueue.o(.constdata)
    __FUNCTION__                             0x0800864b   Data          19  dataqueue.o(.constdata)
    .conststring                             0x08008660   Section       61  cc3200.o(.conststring)
    .conststring                             0x080086a0   Section      237  mem.o(.conststring)
    .rti_fn.0                                0x08008790   Section        4  components.o(.rti_fn.0)
    .rti_fn.1.end                            0x08008794   Section        4  components.o(.rti_fn.1.end)
    .rti_fn.6.end                            0x08008798   Section        4  components.o(.rti_fn.6.end)
    .data                                    0x20000000   Section       20  stm32f10x_rcc.o(.data)
    APBAHBPrescTable                         0x20000000   Data          16  stm32f10x_rcc.o(.data)
    ADCPrescTable                            0x20000010   Data           4  stm32f10x_rcc.o(.data)
    .data                                    0x20000014   Section       20  system_stm32f10x.o(.data)
    .data                                    0x20000028   Section       10  application.o(.data)
    heart_beat_lose_cnt                      0x20000028   Data           1  application.o(.data)
    Main_Fuction_state                       0x20000030   Data           1  application.o(.data)
    key_lock_flag                            0x20000031   Data           1  application.o(.data)
    .data                                    0x20000032   Section        1  board.o(.data)
    timebase_counter                         0x20000032   Data           1  board.o(.data)
    .data                                    0x20000034   Section       16  usart.o(.data)
    .data                                    0x20000044   Section       48  cc3200.o(.data)
    .data                                    0x20000074   Section       22  usart2.o(.data)
    err_cnt                                  0x2000007c   Data           1  usart2.o(.data)
    Data_Len                                 0x2000007d   Data           1  usart2.o(.data)
    Data_Count                               0x2000007e   Data           1  usart2.o(.data)
    RxState                                  0x2000007f   Data           1  usart2.o(.data)
    Data_Len                                 0x20000080   Data           4  usart2.o(.data)
    Data_Count                               0x20000084   Data           4  usart2.o(.data)
    RxState                                  0x20000088   Data           1  usart2.o(.data)
    ID_cnt                                   0x20000089   Data           1  usart2.o(.data)
    .data                                    0x2000008c   Section       19  screen.o(.data)
    heart_beat_lose_cnt                      0x2000008c   Data           1  screen.o(.data)
    .data                                    0x2000009f   Section       22  wifi.o(.data)
    .data                                    0x200000b8   Section       76  led.o(.data)
    isInit                                   0x200000b8   Data           1  led.o(.data)
    led_port                                 0x200000bc   Data          24  led.o(.data)
    led_pin                                  0x200000d4   Data          24  led.o(.data)
    led_polarity                             0x200000ec   Data          24  led.o(.data)
    .data                                    0x20000104   Section      441  ledseq.o(.data)
    sequences                                0x20000104   Data          40  ledseq.o(.data)
    isInit                                   0x200002bc   Data           1  ledseq.o(.data)
    .data                                    0x200002c0   Section        4  clock.o(.data)
    rt_tick                                  0x200002c0   Data           4  clock.o(.data)
    .data                                    0x200002c4   Section        4  idle.o(.data)
    rt_thread_idle_hook                      0x200002c4   Data           4  idle.o(.data)
    .data                                    0x200002c8   Section        1  irq.o(.data)
    .data                                    0x200002cc   Section       12  kservice.o(.data)
    _errno                                   0x200002cc   Data           4  kservice.o(.data)
    _console_device                          0x200002d0   Data           4  kservice.o(.data)
    .data                                    0x200002d8   Section       32  mem.o(.data)
    rt_malloc_hook                           0x200002d8   Data           4  mem.o(.data)
    rt_free_hook                             0x200002dc   Data           4  mem.o(.data)
    heap_ptr                                 0x200002e0   Data           4  mem.o(.data)
    heap_end                                 0x200002e4   Data           4  mem.o(.data)
    lfree                                    0x200002e8   Data           4  mem.o(.data)
    mem_size_aligned                         0x200002ec   Data           4  mem.o(.data)
    used_mem                                 0x200002f0   Data           4  mem.o(.data)
    max_mem                                  0x200002f4   Data           4  mem.o(.data)
    .data                                    0x200002f8   Section      164  object.o(.data)
    rt_object_attach_hook                    0x20000388   Data           4  object.o(.data)
    rt_object_detach_hook                    0x2000038c   Data           4  object.o(.data)
    .data                                    0x2000039c   Section       28  scheduler.o(.data)
    rt_scheduler_lock_nest                   0x2000039c   Data           2  scheduler.o(.data)
    rt_scheduler_hook                        0x200003b4   Data           4  scheduler.o(.data)
    .data                                    0x200003b8   Section       24  timer.o(.data)
    rt_timer_list                            0x200003b8   Data           8  timer.o(.data)
    rt_soft_timer_list                       0x200003c0   Data           8  timer.o(.data)
    rt_timer_timeout_hook                    0x200003c8   Data           4  timer.o(.data)
    random_nr                                0x200003cc   Data           4  timer.o(.data)
    .data                                    0x200003d0   Section       16  cpuport.o(.data)
    rt_exception_hook                        0x200003dc   Data           4  cpuport.o(.data)
    .bss                                     0x200003e0   Section     4608  application.o(.bss)
    led_stack                                0x200003e0   Data         512  application.o(.bss)
    led_thread                               0x200005e0   Data         128  application.o(.bss)
    cc3200_stack                             0x20000660   Data        2048  application.o(.bss)
    cc3200_thread                            0x20000e60   Data         128  application.o(.bss)
    Screen_stack                             0x20000ee0   Data        1024  application.o(.bss)
    Screen_thread                            0x200012e0   Data         128  application.o(.bss)
    Key_stack                                0x20001360   Data         512  application.o(.bss)
    Key_thread                               0x20001560   Data         128  application.o(.bss)
    .bss                                     0x200015e0   Section      168  usart.o(.bss)
    .bss                                     0x20001688   Section       31  cc3200.o(.bss)
    .bss                                     0x200016a8   Section     1275  usart2.o(.bss)
    .bss                                     0x20001ba4   Section      212  screen.o(.bss)
    .bss                                     0x20001c78   Section      271  wifi.o(.bss)
    .bss                                     0x20001d88   Section      320  ledseq.o(.bss)
    timer_led                                0x20001d88   Data          24  ledseq.o(.bss)
    state                                    0x20001da0   Data         240  ledseq.o(.bss)
    activeSeq                                0x20001e90   Data          24  ledseq.o(.bss)
    .bss                                     0x20001ec8   Section      384  idle.o(.bss)
    idle                                     0x20001ec8   Data         128  idle.o(.bss)
    rt_thread_stack                          0x20001f48   Data         256  idle.o(.bss)
    .bss                                     0x20002048   Section      128  kservice.o(.bss)
    rt_log_buf                               0x20002048   Data         128  kservice.o(.bss)
    .bss                                     0x200020c8   Section       32  mem.o(.bss)
    heap_sem                                 0x200020c8   Data          32  mem.o(.bss)
    .bss                                     0x200020e8   Section      256  scheduler.o(.bss)
    .bss                                     0x200021e8   Section      640  timer.o(.bss)
    timer_thread                             0x200021e8   Data         128  timer.o(.bss)
    timer_thread_stack                       0x20002268   Data         512  timer.o(.bss)
    .bss                                     0x20002468   Section       96  libspace.o(.bss)
    HEAP                                     0x200024c8   Section      512  startup_stm32f10x_hd.o(HEAP)
    Heap_Mem                                 0x200024c8   Data         512  startup_stm32f10x_hd.o(HEAP)
    STACK                                    0x200026c8   Section     1024  startup_stm32f10x_hd.o(STACK)
    Stack_Mem                                0x200026c8   Data        1024  startup_stm32f10x_hd.o(STACK)
    __initial_sp                             0x20002ac8   Data           0  startup_stm32f10x_hd.o(STACK)

    Global Symbols

    Symbol Name                              Value     Ov Type        Size  Object(Section)

    BuildAttributes$$THM_ISAv4$P$D$K$B$S$PE$A:L22UL41UL21$X:L11$S22US41US21$IEEE1$IW$USESV6$~STKCKD$USESV7$~SHL$OSPACE$ROPI$EBA8$UX$STANDARDLIB$REQ8$PRES8$EABIv2 0x00000000   Number         0  anon$$obj.o ABSOLUTE
    __ARM_use_no_argv                        0x00000000   Number         0  startup.o ABSOLUTE
    __ARM_exceptions_init                     - Undefined Weak Reference
    __alloca_initialize                       - Undefined Weak Reference
    __arm_preinit_                            - Undefined Weak Reference
    __cpp_initialize__aeabi_                  - Undefined Weak Reference
    __cxa_finalize                            - Undefined Weak Reference
    __rt_locale                               - Undefined Weak Reference
    __sigvec_lookup                           - Undefined Weak Reference
    _atexit_init                              - Undefined Weak Reference
    _call_atexit_fns                          - Undefined Weak Reference
    _clock_init                               - Undefined Weak Reference
    _fp_trap_init                             - Undefined Weak Reference
    _fp_trap_shutdown                         - Undefined Weak Reference
    _get_lc_collate                           - Undefined Weak Reference
    _get_lc_ctype                             - Undefined Weak Reference
    _get_lc_monetary                          - Undefined Weak Reference
    _get_lc_numeric                           - Undefined Weak Reference
    _get_lc_time                              - Undefined Weak Reference
    _getenv_init                              - Undefined Weak Reference
    _handle_redirection                       - Undefined Weak Reference
    _init_alloc                               - Undefined Weak Reference
    _init_user_alloc                          - Undefined Weak Reference
    _initio                                   - Undefined Weak Reference
    _printf_mbtowc                            - Undefined Weak Reference
    _printf_post_padding                      - Undefined Weak Reference
    _printf_pre_padding                       - Undefined Weak Reference
    _printf_truncate_signed                   - Undefined Weak Reference
    _printf_truncate_unsigned                 - Undefined Weak Reference
    _rand_init                                - Undefined Weak Reference
    _signal_finish                            - Undefined Weak Reference
    _signal_init                              - Undefined Weak Reference
    _terminate_alloc                          - Undefined Weak Reference
    _terminate_user_alloc                     - Undefined Weak Reference
    _terminateio                              - Undefined Weak Reference
    __Vectors_Size                           0x00000130   Number         0  startup_stm32f10x_hd.o ABSOLUTE
    __Vectors                                0x08000000   Data           4  startup_stm32f10x_hd.o(RESET)
    __Vectors_End                            0x08000130   Data           0  startup_stm32f10x_hd.o(RESET)
    __main                                   0x08000131   Thumb Code     8  __main.o(!!!main)
    __scatterload                            0x08000139   Thumb Code     0  __scatter.o(!!!scatter)
    __scatterload_rt2                        0x08000139   Thumb Code    44  __scatter.o(!!!scatter)
    __scatterload_rt2_thumb_only             0x08000139   Thumb Code     0  __scatter.o(!!!scatter)
    __scatterload_null                       0x08000147   Thumb Code     0  __scatter.o(!!!scatter)
    __decompress                             0x0800016d   Thumb Code    90  __dczerorl2.o(!!dczerorl2)
    __decompress1                            0x0800016d   Thumb Code     0  __dczerorl2.o(!!dczerorl2)
    __scatterload_zeroinit                   0x080001c9   Thumb Code    28  __scatter_zi.o(!!handler_zi)
    _printf_d                                0x080001e5   Thumb Code     0  _printf_d.o(.ARM.Collect$$_printf_percent$$00000009)
    _printf_percent                          0x080001e5   Thumb Code     0  _printf_percent.o(.ARM.Collect$$_printf_percent$$00000000)
    _printf_s                                0x080001eb   Thumb Code     0  _printf_s.o(.ARM.Collect$$_printf_percent$$00000014)
    _printf_percent_end                      0x080001f1   Thumb Code     0  _printf_percent_end.o(.ARM.Collect$$_printf_percent$$00000017)
    __rt_lib_init                            0x080001f5   Thumb Code     0  libinit.o(.ARM.Collect$$libinit$$00000000)
    __rt_lib_init_alloca_1                   0x080001f7   Thumb Code     0  libinit2.o(.ARM.Collect$$libinit$$0000002E)
    __rt_lib_init_argv_1                     0x080001f7   Thumb Code     0  libinit2.o(.ARM.Collect$$libinit$$0000002C)
    __rt_lib_init_atexit_1                   0x080001f7   Thumb Code     0  libinit2.o(.ARM.Collect$$libinit$$0000001B)
    __rt_lib_init_clock_1                    0x080001f7   Thumb Code     0  libinit2.o(.ARM.Collect$$libinit$$00000021)
    __rt_lib_init_cpp_1                      0x080001f7   Thumb Code     0  libinit2.o(.ARM.Collect$$libinit$$00000032)
    __rt_lib_init_exceptions_1               0x080001f7   Thumb Code     0  libinit2.o(.ARM.Collect$$libinit$$00000030)
    __rt_lib_init_fp_1                       0x080001f7   Thumb Code     0  libinit2.o(.ARM.Collect$$libinit$$00000002)
    __rt_lib_init_fp_trap_1                  0x080001f7   Thumb Code     0  libinit2.o(.ARM.Collect$$libinit$$0000001F)
    __rt_lib_init_getenv_1                   0x080001f7   Thumb Code     0  libinit2.o(.ARM.Collect$$libinit$$00000023)
    __rt_lib_init_heap_1                     0x080001f7   Thumb Code     0  libinit2.o(.ARM.Collect$$libinit$$0000000A)
    __rt_lib_init_lc_collate_1               0x080001f7   Thumb Code     0  libinit2.o(.ARM.Collect$$libinit$$00000011)
    __rt_lib_init_lc_ctype_1                 0x080001f7   Thumb Code     0  libinit2.o(.ARM.Collect$$libinit$$00000013)
    __rt_lib_init_lc_monetary_1              0x080001f7   Thumb Code     0  libinit2.o(.ARM.Collect$$libinit$$00000015)
    __rt_lib_init_lc_numeric_1               0x080001f7   Thumb Code     0  libinit2.o(.ARM.Collect$$libinit$$00000017)
    __rt_lib_init_lc_time_1                  0x080001f7   Thumb Code     0  libinit2.o(.ARM.Collect$$libinit$$00000019)
    __rt_lib_init_preinit_1                  0x080001f7   Thumb Code     0  libinit2.o(.ARM.Collect$$libinit$$00000004)
    __rt_lib_init_rand_1                     0x080001f7   Thumb Code     0  libinit2.o(.ARM.Collect$$libinit$$0000000E)
    __rt_lib_init_return                     0x080001f7   Thumb Code     0  libinit2.o(.ARM.Collect$$libinit$$00000033)
    __rt_lib_init_signal_1                   0x080001f7   Thumb Code     0  libinit2.o(.ARM.Collect$$libinit$$0000001D)
    __rt_lib_init_stdio_1                    0x080001f7   Thumb Code     0  libinit2.o(.ARM.Collect$$libinit$$00000025)
    __rt_lib_init_user_alloc_1               0x080001f7   Thumb Code     0  libinit2.o(.ARM.Collect$$libinit$$0000000C)
    __rt_lib_shutdown                        0x080001f9   Thumb Code     0  libshutdown.o(.ARM.Collect$$libshutdown$$00000000)
    __rt_lib_shutdown_cpp_1                  0x080001fb   Thumb Code     0  libshutdown2.o(.ARM.Collect$$libshutdown$$00000002)
    __rt_lib_shutdown_fp_trap_1              0x080001fb   Thumb Code     0  libshutdown2.o(.ARM.Collect$$libshutdown$$00000007)
    __rt_lib_shutdown_heap_1                 0x080001fb   Thumb Code     0  libshutdown2.o(.ARM.Collect$$libshutdown$$0000000F)
    __rt_lib_shutdown_return                 0x080001fb   Thumb Code     0  libshutdown2.o(.ARM.Collect$$libshutdown$$00000010)
    __rt_lib_shutdown_signal_1               0x080001fb   Thumb Code     0  libshutdown2.o(.ARM.Collect$$libshutdown$$0000000A)
    __rt_lib_shutdown_stdio_1                0x080001fb   Thumb Code     0  libshutdown2.o(.ARM.Collect$$libshutdown$$00000004)
    __rt_lib_shutdown_user_alloc_1           0x080001fb   Thumb Code     0  libshutdown2.o(.ARM.Collect$$libshutdown$$0000000C)
    __rt_entry                               0x080001fd   Thumb Code     0  __rtentry.o(.ARM.Collect$$rtentry$$00000000)
    __rt_entry_presh_1                       0x080001fd   Thumb Code     0  __rtentry2.o(.ARM.Collect$$rtentry$$00000002)
    __rt_entry_sh                            0x080001fd   Thumb Code     0  __rtentry4.o(.ARM.Collect$$rtentry$$00000004)
    __rt_entry_li                            0x08000203   Thumb Code     0  __rtentry2.o(.ARM.Collect$$rtentry$$0000000A)
    __rt_entry_postsh_1                      0x08000203   Thumb Code     0  __rtentry2.o(.ARM.Collect$$rtentry$$00000009)
    __rt_entry_main                          0x08000207   Thumb Code     0  __rtentry2.o(.ARM.Collect$$rtentry$$0000000D)
    __rt_entry_postli_1                      0x08000207   Thumb Code     0  __rtentry2.o(.ARM.Collect$$rtentry$$0000000C)
    __rt_exit                                0x0800020f   Thumb Code     0  rtexit.o(.ARM.Collect$$rtexit$$00000000)
    __rt_exit_ls                             0x08000211   Thumb Code     0  rtexit2.o(.ARM.Collect$$rtexit$$00000003)
    __rt_exit_prels_1                        0x08000211   Thumb Code     0  rtexit2.o(.ARM.Collect$$rtexit$$00000002)
    __rt_exit_exit                           0x08000215   Thumb Code     0  rtexit2.o(.ARM.Collect$$rtexit$$00000004)
    Reset_Handler                            0x0800021d   Thumb Code     8  startup_stm32f10x_hd.o(.text)
    ADC1_2_IRQHandler                        0x08000237   Thumb Code     0  startup_stm32f10x_hd.o(.text)
    ADC3_IRQHandler                          0x08000237   Thumb Code     0  startup_stm32f10x_hd.o(.text)
    CAN1_RX1_IRQHandler                      0x08000237   Thumb Code     0  startup_stm32f10x_hd.o(.text)
    CAN1_SCE_IRQHandler                      0x08000237   Thumb Code     0  startup_stm32f10x_hd.o(.text)
    DMA1_Channel1_IRQHandler                 0x08000237   Thumb Code     0  startup_stm32f10x_hd.o(.text)
    DMA1_Channel2_IRQHandler                 0x08000237   Thumb Code     0  startup_stm32f10x_hd.o(.text)
    DMA1_Channel3_IRQHandler                 0x08000237   Thumb Code     0  startup_stm32f10x_hd.o(.text)
    DMA1_Channel4_IRQHandler                 0x08000237   Thumb Code     0  startup_stm32f10x_hd.o(.text)
    DMA1_Channel5_IRQHandler                 0x08000237   Thumb Code     0  startup_stm32f10x_hd.o(.text)
    DMA1_Channel6_IRQHandler                 0x08000237   Thumb Code     0  startup_stm32f10x_hd.o(.text)
    DMA1_Channel7_IRQHandler                 0x08000237   Thumb Code     0  startup_stm32f10x_hd.o(.text)
    DMA2_Channel1_IRQHandler                 0x08000237   Thumb Code     0  startup_stm32f10x_hd.o(.text)
    DMA2_Channel2_IRQHandler                 0x08000237   Thumb Code     0  startup_stm32f10x_hd.o(.text)
    DMA2_Channel3_IRQHandler                 0x08000237   Thumb Code     0  startup_stm32f10x_hd.o(.text)
    DMA2_Channel4_5_IRQHandler               0x08000237   Thumb Code     0  startup_stm32f10x_hd.o(.text)
    EXTI0_IRQHandler                         0x08000237   Thumb Code     0  startup_stm32f10x_hd.o(.text)
    EXTI15_10_IRQHandler                     0x08000237   Thumb Code     0  startup_stm32f10x_hd.o(.text)
    EXTI1_IRQHandler                         0x08000237   Thumb Code     0  startup_stm32f10x_hd.o(.text)
    EXTI2_IRQHandler                         0x08000237   Thumb Code     0  startup_stm32f10x_hd.o(.text)
    EXTI3_IRQHandler                         0x08000237   Thumb Code     0  startup_stm32f10x_hd.o(.text)
    EXTI4_IRQHandler                         0x08000237   Thumb Code     0  startup_stm32f10x_hd.o(.text)
    EXTI9_5_IRQHandler                       0x08000237   Thumb Code     0  startup_stm32f10x_hd.o(.text)
    FLASH_IRQHandler                         0x08000237   Thumb Code     0  startup_stm32f10x_hd.o(.text)
    FSMC_IRQHandler                          0x08000237   Thumb Code     0  startup_stm32f10x_hd.o(.text)
    I2C1_ER_IRQHandler                       0x08000237   Thumb Code     0  startup_stm32f10x_hd.o(.text)
    I2C1_EV_IRQHandler                       0x08000237   Thumb Code     0  startup_stm32f10x_hd.o(.text)
    I2C2_ER_IRQHandler                       0x08000237   Thumb Code     0  startup_stm32f10x_hd.o(.text)
    I2C2_EV_IRQHandler                       0x08000237   Thumb Code     0  startup_stm32f10x_hd.o(.text)
    PVD_IRQHandler                           0x08000237   Thumb Code     0  startup_stm32f10x_hd.o(.text)
    RCC_IRQHandler                           0x08000237   Thumb Code     0  startup_stm32f10x_hd.o(.text)
    RTCAlarm_IRQHandler                      0x08000237   Thumb Code     0  startup_stm32f10x_hd.o(.text)
    RTC_IRQHandler                           0x08000237   Thumb Code     0  startup_stm32f10x_hd.o(.text)
    SDIO_IRQHandler                          0x08000237   Thumb Code     0  startup_stm32f10x_hd.o(.text)
    SPI1_IRQHandler                          0x08000237   Thumb Code     0  startup_stm32f10x_hd.o(.text)
    SPI2_IRQHandler                          0x08000237   Thumb Code     0  startup_stm32f10x_hd.o(.text)
    SPI3_IRQHandler                          0x08000237   Thumb Code     0  startup_stm32f10x_hd.o(.text)
    TAMPER_IRQHandler                        0x08000237   Thumb Code     0  startup_stm32f10x_hd.o(.text)
    TIM1_BRK_IRQHandler                      0x08000237   Thumb Code     0  startup_stm32f10x_hd.o(.text)
    TIM1_CC_IRQHandler                       0x08000237   Thumb Code     0  startup_stm32f10x_hd.o(.text)
    TIM1_TRG_COM_IRQHandler                  0x08000237   Thumb Code     0  startup_stm32f10x_hd.o(.text)
    TIM1_UP_IRQHandler                       0x08000237   Thumb Code     0  startup_stm32f10x_hd.o(.text)
    TIM2_IRQHandler                          0x08000237   Thumb Code     0  startup_stm32f10x_hd.o(.text)
    TIM3_IRQHandler                          0x08000237   Thumb Code     0  startup_stm32f10x_hd.o(.text)
    TIM4_IRQHandler                          0x08000237   Thumb Code     0  startup_stm32f10x_hd.o(.text)
    TIM5_IRQHandler                          0x08000237   Thumb Code     0  startup_stm32f10x_hd.o(.text)
    TIM6_IRQHandler                          0x08000237   Thumb Code     0  startup_stm32f10x_hd.o(.text)
    TIM8_BRK_IRQHandler                      0x08000237   Thumb Code     0  startup_stm32f10x_hd.o(.text)
    TIM8_CC_IRQHandler                       0x08000237   Thumb Code     0  startup_stm32f10x_hd.o(.text)
    TIM8_TRG_COM_IRQHandler                  0x08000237   Thumb Code     0  startup_stm32f10x_hd.o(.text)
    TIM8_UP_IRQHandler                       0x08000237   Thumb Code     0  startup_stm32f10x_hd.o(.text)
    UART5_IRQHandler                         0x08000237   Thumb Code     0  startup_stm32f10x_hd.o(.text)
    USBWakeUp_IRQHandler                     0x08000237   Thumb Code     0  startup_stm32f10x_hd.o(.text)
    USB_HP_CAN1_TX_IRQHandler                0x08000237   Thumb Code     0  startup_stm32f10x_hd.o(.text)
    USB_LP_CAN1_RX0_IRQHandler               0x08000237   Thumb Code     0  startup_stm32f10x_hd.o(.text)
    WWDG_IRQHandler                          0x08000237   Thumb Code     0  startup_stm32f10x_hd.o(.text)
    __user_initial_stackheap                 0x08000239   Thumb Code     0  startup_stm32f10x_hd.o(.text)
    rt_hw_interrupt_disable                  0x0800025d   Thumb Code     8  context_rvds.o(.text)
    rt_hw_interrupt_enable                   0x08000265   Thumb Code     6  context_rvds.o(.text)
    rt_hw_context_switch                     0x0800026b   Thumb Code    32  context_rvds.o(.text)
    rt_hw_context_switch_interrupt           0x0800026b   Thumb Code     0  context_rvds.o(.text)
    PendSV_Handler                           0x0800028b   Thumb Code    60  context_rvds.o(.text)
    rt_hw_context_switch_to                  0x080002c7   Thumb Code    56  context_rvds.o(.text)
    rt_hw_interrupt_thread_switch            0x080002ff   Thumb Code     2  context_rvds.o(.text)
    HardFault_Handler                        0x08000301   Thumb Code    48  context_rvds.o(.text)
    __2sprintf                               0x08000349   Thumb Code    34  noretval__2sprintf.o(.text)
    __printf                                 0x08000371   Thumb Code   104  __printf.o(.text)
    _printf_str                              0x080003d9   Thumb Code    82  _printf_str.o(.text)
    _printf_int_dec                          0x0800042d   Thumb Code   104  _printf_dec.o(.text)
    strstr                                   0x080004a5   Thumb Code    36  strstr.o(.text)
    strlen                                   0x080004c9   Thumb Code    62  strlen.o(.text)
    __use_two_region_memory                  0x08000507   Thumb Code     2  heapauxi.o(.text)
    __rt_heap_escrow$2region                 0x08000509   Thumb Code     2  heapauxi.o(.text)
    __rt_heap_expand$2region                 0x0800050b   Thumb Code     2  heapauxi.o(.text)
    _printf_int_common                       0x0800050d   Thumb Code   178  _printf_intcommon.o(.text)
    _printf_char_common                      0x080005cb   Thumb Code    32  _printf_char_common.o(.text)
    _sputc                                   0x080005f1   Thumb Code    10  _sputc.o(.text)
    _printf_cs_common                        0x080005fb   Thumb Code    20  _printf_char.o(.text)
    _printf_char                             0x0800060f   Thumb Code    16  _printf_char.o(.text)
    _printf_string                           0x0800061f   Thumb Code     8  _printf_char.o(.text)
    __user_setup_stackheap                   0x08000627   Thumb Code    74  sys_stackheap_outer.o(.text)
    exit                                     0x08000671   Thumb Code    18  exit.o(.text)
    __user_libspace                          0x08000685   Thumb Code     8  libspace.o(.text)
    __user_perproc_libspace                  0x08000685   Thumb Code     0  libspace.o(.text)
    __user_perthread_libspace                0x08000685   Thumb Code     0  libspace.o(.text)
    _sys_exit                                0x0800068d   Thumb Code     8  sys_exit.o(.text)
    __I$use$semihosting                      0x08000699   Thumb Code     0  use_no_semi.o(.text)
    __use_no_semihosting_swi                 0x08000699   Thumb Code     2  use_no_semi.o(.text)
    ASCII_to_binary                          0x0800069b   Thumb Code    36  cc3200.o(i.ASCII_to_binary)
    __semihosting_library_function           0x0800069b   Thumb Code     0  indicate_semi.o(.text)
    BusFault_Handler                         0x080006bf   Thumb Code     4  stm32f10x_it.o(i.BusFault_Handler)
    DebugMon_Handler                         0x080006c3   Thumb Code     2  stm32f10x_it.o(i.DebugMon_Handler)
    GPIO_Init                                0x0800072d   Thumb Code   378  stm32f10x_gpio.o(i.GPIO_Init)
    GPIO_PinRemapConfig                      0x08000905   Thumb Code   454  stm32f10x_gpio.o(i.GPIO_PinRemapConfig)
    GPIO_ReadInputData                       0x08000b5d   Thumb Code    64  stm32f10x_gpio.o(i.GPIO_ReadInputData)
    GPIO_ReadInputDataBit                    0x08000bf9   Thumb Code   170  stm32f10x_gpio.o(i.GPIO_ReadInputDataBit)
    GPIO_ResetBits                           0x08000d01   Thumb Code    82  stm32f10x_gpio.o(i.GPIO_ResetBits)
    GPIO_SetBits                             0x08000db1   Thumb Code    82  stm32f10x_gpio.o(i.GPIO_SetBits)
    KeyRead                                  0x08000e61   Thumb Code    48  key.o(i.KeyRead)
    MemManage_Handler                        0x08000f6d   Thumb Code     4  stm32f10x_it.o(i.MemManage_Handler)
    NMI_Handler                              0x08000f71   Thumb Code     2  stm32f10x_it.o(i.NMI_Handler)
    NVIC_Configuration                       0x08000f73   Thumb Code    14  board.o(i.NVIC_Configuration)
    NVIC_Init                                0x08000fa5   Thumb Code   158  misc.o(i.NVIC_Init)
    NVIC_SetVectorTable                      0x08001085   Thumb Code    58  misc.o(i.NVIC_SetVectorTable)
    RCC_APB1PeriphClockCmd                   0x08001101   Thumb Code    70  stm32f10x_rcc.o(i.RCC_APB1PeriphClockCmd)
    RCC_APB1PeriphResetCmd                   0x0800118d   Thumb Code    70  stm32f10x_rcc.o(i.RCC_APB1PeriphResetCmd)
    RCC_APB2PeriphClockCmd                   0x08001219   Thumb Code    70  stm32f10x_rcc.o(i.RCC_APB2PeriphClockCmd)
    RCC_APB2PeriphResetCmd                   0x080012a5   Thumb Code    70  stm32f10x_rcc.o(i.RCC_APB2PeriphResetCmd)
    RCC_GetClocksFreq                        0x08001355   Thumb Code   192  stm32f10x_rcc.o(i.RCC_GetClocksFreq)
    SVC_Handler                              0x08001429   Thumb Code     2  stm32f10x_it.o(i.SVC_Handler)
    Screen_data_analize                      0x0800142d   Thumb Code   478  screen.o(i.Screen_data_analize)
    SysTick_Handler                          0x08001719   Thumb Code    50  board.o(i.SysTick_Handler)
    SystemInit                               0x08001755   Thumb Code    78  system_stm32f10x.o(i.SystemInit)
    TIM7_IRQHandler                          0x080017b5   Thumb Code    42  usart2.o(i.TIM7_IRQHandler)
    TIM7_Int_Init                            0x080017e9   Thumb Code    90  usart2.o(i.TIM7_Int_Init)
    TIM_ClearITPendingBit                    0x08001849   Thumb Code   146  stm32f10x_tim.o(i.TIM_ClearITPendingBit)
    TIM_Cmd                                  0x08001959   Thumb Code   162  stm32f10x_tim.o(i.TIM_Cmd)
    TIM_GetITStatus                          0x08001a79   Thumb Code   204  stm32f10x_tim.o(i.TIM_GetITStatus)
    TIM_ITConfig                             0x08001bc1   Thumb Code   178  stm32f10x_tim.o(i.TIM_ITConfig)
    TIM_SetCounter                           0x08001cf1   Thumb Code   124  stm32f10x_tim.o(i.TIM_SetCounter)
    TIM_TimeBaseInit                         0x08001de9   Thumb Code   308  stm32f10x_tim.o(i.TIM_TimeBaseInit)
    UART4_IRQHandler                         0x08001f99   Thumb Code    84  usart.o(i.UART4_IRQHandler)
    USART1_IRQHandler                        0x08001ff5   Thumb Code   282  usart2.o(i.USART1_IRQHandler)
    USART2_IRQHandler                        0x08002135   Thumb Code   540  usart2.o(i.USART2_IRQHandler)
    USART2_SendByte                          0x08002385   Thumb Code    38  cc3200.o(i.USART2_SendByte)
    USART2_Send_ATCmd                        0x080023b1   Thumb Code    32  cc3200.o(i.USART2_Send_ATCmd)
    USART3_IRQHandler                        0x080023d1   Thumb Code    84  usart.o(i.USART3_IRQHandler)
    USART_ClearITPendingBit                  0x0800242d   Thumb Code   152  stm32f10x_usart.o(i.USART_ClearITPendingBit)
    USART_ClockInit                          0x08002519   Thumb Code   162  stm32f10x_usart.o(i.USART_ClockInit)
    USART_Cmd                                0x08002609   Thumb Code    90  stm32f10x_usart.o(i.USART_Cmd)
    USART_DeInit                             0x080026b9   Thumb Code   174  stm32f10x_usart.o(i.USART_DeInit)
    USART_GetFlagStatus                      0x080027bd   Thumb Code   158  stm32f10x_usart.o(i.USART_GetFlagStatus)
    USART_GetITStatus                        0x080028b1   Thumb Code   252  stm32f10x_usart.o(i.USART_GetITStatus)
    USART_ITConfig                           0x08002a01   Thumb Code   248  stm32f10x_usart.o(i.USART_ITConfig)
    USART_Init                               0x08002b4d   Thumb Code   450  stm32f10x_usart.o(i.USART_Init)
    USART_ReceiveData                        0x08002d69   Thumb Code    54  stm32f10x_usart.o(i.USART_ReceiveData)
    Uart2_Put_Buf                            0x08002df5   Thumb Code    64  usart2.o(i.Uart2_Put_Buf)
    UsageFault_Handler                       0x08002e41   Thumb Code     4  stm32f10x_it.o(i.UsageFault_Handler)
    __rt_ffs                                 0x08002e45   Thumb Code    70  kservice.o(i.__rt_ffs)
    assert_failed                            0x08003349   Thumb Code    30  startup.o(i.assert_failed)
    cc3200_Hardware_Reset                    0x080033b9   Thumb Code    40  cc3200.o(i.cc3200_Hardware_Reset)
    cc3200_check_cmd                         0x080033e5   Thumb Code    44  cc3200.o(i.cc3200_check_cmd)
    cc3200_get_staip                         0x08003419   Thumb Code   204  cc3200.o(i.cc3200_get_staip)
    cc3200_init                              0x08003501   Thumb Code    78  cc3200.o(i.cc3200_init)
    cc3200_reconnect                         0x08003555   Thumb Code   228  cc3200.o(i.cc3200_reconnect)
    cc3200_send_cmd                          0x080036cd   Thumb Code    82  cc3200.o(i.cc3200_send_cmd)
    cc3200_set_udpIP                         0x08003725   Thumb Code   170  cc3200.o(i.cc3200_set_udpIP)
    cc3200_set_udpPort                       0x08003865   Thumb Code   104  cc3200.o(i.cc3200_set_udpPort)
    cc3200_smartcfg                          0x0800392d   Thumb Code   250  cc3200.o(i.cc3200_smartcfg)
    cc3200_start                             0x08003b01   Thumb Code    30  cc3200.o(i.cc3200_start)
    key_init                                 0x08003d69   Thumb Code    34  key.o(i.key_init)
    key_scan                                 0x08003d91   Thumb Code    80  key.o(i.key_scan)
    ledSet                                   0x08003de1   Thumb Code    48  led.o(i.ledSet)
    ledseq_init                              0x08003e69   Thumb Code   124  ledseq.o(i.ledseq_init)
    ledseq_run                               0x08003f15   Thumb Code    82  ledseq.o(i.ledseq_run)
    ledseq_stop                              0x08003f79   Thumb Code    74  ledseq.o(i.ledseq_stop)
    main                                     0x08003fd1   Thumb Code    14  startup.o(i.main)
    rt_application_init                      0x08004279   Thumb Code   198  application.o(i.rt_application_init)
    rt_assert_handler                        0x08004395   Thumb Code    56  kservice.o(i.rt_assert_handler)
    rt_completion_done                       0x08004409   Thumb Code    76  completion.o(i.rt_completion_done)
    rt_completion_init                       0x08004471   Thumb Code    42  completion.o(i.rt_completion_init)
    rt_completion_wait                       0x080044b9   Thumb Code   198  completion.o(i.rt_completion_wait)
    rt_components_board_init                 0x080045f5   Thumb Code    20  components.o(i.rt_components_board_init)
    rt_components_init                       0x08004611   Thumb Code    20  components.o(i.rt_components_init)
    rt_console_set_device                    0x0800462d   Thumb Code    48  kservice.o(i.rt_console_set_device)
    rt_data_queue_init                       0x08004661   Thumb Code    78  dataqueue.o(i.rt_data_queue_init)
    rt_data_queue_peak                       0x080046c9   Thumb Code    94  dataqueue.o(i.rt_data_queue_peak)
    rt_data_queue_pop                        0x08004741   Thumb Code   340  dataqueue.o(i.rt_data_queue_pop)
    rt_data_queue_push                       0x080048f9   Thumb Code   276  dataqueue.o(i.rt_data_queue_push)
    rt_device_close                          0x08004a4d   Thumb Code    68  device.o(i.rt_device_close)
    rt_device_find                           0x08004aa5   Thumb Code    76  device.o(i.rt_device_find)
    rt_device_open                           0x08004af5   Thumb Code   136  device.o(i.rt_device_open)
    rt_device_register                       0x08004bdd   Thumb Code    50  device.o(i.rt_device_register)
    rt_device_write                          0x08004c11   Thumb Code    76  device.o(i.rt_device_write)
    rt_enter_critical                        0x08004c71   Thumb Code    28  scheduler.o(i.rt_enter_critical)
    rt_exit_critical                         0x08004c91   Thumb Code    54  scheduler.o(i.rt_exit_critical)
    rt_free                                  0x08004ccd   Thumb Code   248  mem.o(i.rt_free)
    rt_hw_board_init                         0x08004e65   Thumb Code   100  board.o(i.rt_hw_board_init)
    rt_hw_console_output                     0x08004edd   Thumb Code     2  kservice.o(i.rt_hw_console_output)
    rt_hw_hard_fault_exception               0x08004ee1   Thumb Code   190  cpuport.o(i.rt_hw_hard_fault_exception)
    rt_hw_led_init                           0x080050e1   Thumb Code    88  led.o(i.rt_hw_led_init)
    rt_hw_serial_isr                         0x08005149   Thumb Code   300  serial.o(i.rt_hw_serial_isr)
    rt_hw_serial_register                    0x0800528d   Thumb Code    76  serial.o(i.rt_hw_serial_register)
    rt_hw_stack_init                         0x08005309   Thumb Code    70  cpuport.o(i.rt_hw_stack_init)
    rt_hw_usart_init                         0x08005355   Thumb Code   108  usart.o(i.rt_hw_usart_init)
    rt_init_thread_entry                     0x080053e9   Thumb Code    10  application.o(i.rt_init_thread_entry)
    rt_interrupt_enter                       0x080053f5   Thumb Code    30  irq.o(i.rt_interrupt_enter)
    rt_interrupt_get_nest                    0x08005419   Thumb Code     6  irq.o(i.rt_interrupt_get_nest)
    rt_interrupt_leave                       0x08005425   Thumb Code    30  irq.o(i.rt_interrupt_leave)
    rt_kprintf                               0x080054dd   Thumb Code    96  kservice.o(i.rt_kprintf)
    rt_malloc                                0x08005609   Thumb Code   520  mem.o(i.rt_malloc)
    rt_memset                                0x080058bd   Thumb Code    72  kservice.o(i.rt_memset)
    rt_object_allocate                       0x08005905   Thumb Code   132  object.o(i.rt_object_allocate)
    rt_object_delete                         0x080059bd   Thumb Code    84  object.o(i.rt_object_delete)
    rt_object_detach                         0x08005a59   Thumb Code    56  object.o(i.rt_object_detach)
    rt_object_init                           0x08005aad   Thumb Code    76  object.o(i.rt_object_init)
    rt_object_is_systemobject                0x08005b01   Thumb Code    34  object.o(i.rt_object_is_systemobject)
    rt_schedule                              0x08005b3d   Thumb Code   134  scheduler.o(i.rt_schedule)
    rt_schedule_insert_thread                0x08005be1   Thumb Code    82  scheduler.o(i.rt_schedule_insert_thread)
    rt_schedule_remove_thread                0x08005c55   Thumb Code    94  scheduler.o(i.rt_schedule_remove_thread)
    rt_sem_init                              0x08005cd5   Thumb Code    50  ipc.o(i.rt_sem_init)
    rt_sem_release                           0x08005d1d   Thumb Code    80  ipc.o(i.rt_sem_release)
    rt_sem_take                              0x08005d71   Thumb Code   266  ipc.o(i.rt_sem_take)
    rt_set_errno                             0x080063c1   Thumb Code    36  kservice.o(i.rt_set_errno)
    rt_show_version                          0x080063e9   Thumb Code    38  kservice.o(i.rt_show_version)
    rt_soft_timer_check                      0x08006499   Thumb Code   150  timer.o(i.rt_soft_timer_check)
    rt_strlen                                0x08006539   Thumb Code    18  kservice.o(i.rt_strlen)
    rt_strncmp                               0x0800654b   Thumb Code    40  kservice.o(i.rt_strncmp)
    rt_strncpy                               0x08006573   Thumb Code    52  kservice.o(i.rt_strncpy)
    rt_system_heap_init                      0x080065a9   Thumb Code   204  mem.o(i.rt_system_heap_init)
    rt_system_scheduler_init                 0x080066f9   Thumb Code    56  scheduler.o(i.rt_system_scheduler_init)
    rt_system_scheduler_start                0x08006749   Thumb Code    36  scheduler.o(i.rt_system_scheduler_start)
    rt_system_timer_init                     0x08006779   Thumb Code    24  timer.o(i.rt_system_timer_init)
    rt_system_timer_thread_init              0x08006795   Thumb Code    58  timer.o(i.rt_system_timer_thread_init)
    rt_thread_create                         0x080067e9   Thumb Code    80  thread.o(i.rt_thread_create)
    rt_thread_delay                          0x08006839   Thumb Code    12  thread.o(i.rt_thread_delay)
    rt_thread_idle_excute                    0x080068b1   Thumb Code   154  idle.o(i.rt_thread_idle_excute)
    rt_thread_idle_init                      0x0800697d   Thumb Code    38  idle.o(i.rt_thread_idle_init)
    rt_thread_init                           0x080069b9   Thumb Code    74  thread.o(i.rt_thread_init)
    rt_thread_resume                         0x08006a35   Thumb Code    78  thread.o(i.rt_thread_resume)
    rt_thread_self                           0x08006a9d   Thumb Code     6  thread.o(i.rt_thread_self)
    rt_thread_sleep                          0x08006aa9   Thumb Code    76  thread.o(i.rt_thread_sleep)
    rt_thread_startup                        0x08006b11   Thumb Code    80  thread.o(i.rt_thread_startup)
    rt_thread_suspend                        0x08006b99   Thumb Code    76  thread.o(i.rt_thread_suspend)
    rt_thread_timeout                        0x08006bfd   Thumb Code    66  thread.o(i.rt_thread_timeout)
    rt_thread_yield                          0x08006cc1   Thumb Code    88  thread.o(i.rt_thread_yield)
    rt_tick_get                              0x08006d21   Thumb Code     6  clock.o(i.rt_tick_get)
    rt_tick_increase                         0x08006d2d   Thumb Code    42  clock.o(i.rt_tick_increase)
    rt_timer_check                           0x08006d5d   Thumb Code   148  timer.o(i.rt_timer_check)
    rt_timer_control                         0x08006df9   Thumb Code    76  timer.o(i.rt_timer_control)
    rt_timer_create                          0x08006e5d   Thumb Code    54  timer.o(i.rt_timer_create)
    rt_timer_detach                          0x08006e95   Thumb Code    44  timer.o(i.rt_timer_detach)
    rt_timer_init                            0x08006ed9   Thumb Code    58  timer.o(i.rt_timer_init)
    rt_timer_start                           0x08006f49   Thumb Code   332  timer.o(i.rt_timer_start)
    rt_timer_stop                            0x080070e5   Thumb Code    80  timer.o(i.rt_timer_stop)
    rt_vsnprintf                             0x08007151   Thumb Code   800  kservice.o(i.rt_vsnprintf)
    rtthread_startup                         0x08007485   Thumb Code    44  startup.o(i.rtthread_startup)
    uart1_init                               0x08007815   Thumb Code   214  usart2.o(i.uart1_init)
    usart2_init                              0x0800794d   Thumb Code   188  usart2.o(i.usart2_init)
    wifi_ack_send                            0x08007a19   Thumb Code   404  wifi.o(i.wifi_ack_send)
    wifi_data_deal                           0x08007bc1   Thumb Code   490  wifi.o(i.wifi_data_deal)
    wifi_reset                               0x08007dd5   Thumb Code    72  cc3200.o(i.wifi_reset)
    wifi_send_pen_data                       0x08007e59   Thumb Code   160  wifi.o(i.wifi_send_pen_data)
    __lowest_bit_bitmap                      0x080081ed   Data         256  kservice.o(.constdata)
    __rt_init_rti_start                      0x08008790   Data           4  components.o(.rti_fn.0)
    __rt_init_rti_board_end                  0x08008794   Data           4  components.o(.rti_fn.1.end)
    __rt_init_rti_end                        0x08008798   Data           4  components.o(.rti_fn.6.end)
    Region$$Table$$Base                      0x0800879c   Number         0  anon$$obj.o(Region$$Table)
    Region$$Table$$Limit                     0x080087bc   Number         0  anon$$obj.o(Region$$Table)
    SystemCoreClock                          0x20000014   Data           4  system_stm32f10x.o(.data)
    AHBPrescTable                            0x20000018   Data          16  system_stm32f10x.o(.data)
    F_key_state                              0x20000029   Data           1  application.o(.data)
    F_key_state_pre                          0x2000002a   Data           1  application.o(.data)
    F_key_longpush                           0x2000002c   Data           4  application.o(.data)
    uart3                                    0x20000034   Data           8  usart.o(.data)
    uart4                                    0x2000003c   Data           8  usart.o(.data)
    socket_start                             0x20000044   Data           1  cc3200.o(.data)
    Pre_Phone_IP                             0x20000045   Data           4  cc3200.o(.data)
    Local_IP                                 0x20000049   Data           4  cc3200.o(.data)
    Local_Port                               0x20000050   Data           4  cc3200.o(.data)
    PORT_Server                              0x20000054   Data           4  cc3200.o(.data)
    IP_Server                                0x20000058   Data           4  cc3200.o(.data)
    PORT                                     0x2000005c   Data           4  cc3200.o(.data)
    IP                                       0x20000060   Data           4  cc3200.o(.data)
    CC3200_WORKMODE_TBL                      0x20000064   Data          16  cc3200.o(.data)
    USART2_RX_STA                            0x20000074   Data           2  usart2.o(.data)
    USART_RX_STA                             0x20000076   Data           2  usart2.o(.data)
    count_1                                  0x20000078   Data           1  usart2.o(.data)
    TxCounter_1                              0x20000079   Data           1  usart2.o(.data)
    count_2                                  0x2000007a   Data           1  usart2.o(.data)
    TxCounter_2                              0x2000007b   Data           1  usart2.o(.data)
    DataFrame_in_Flash                       0x20000090   Data           4  screen.o(.data)
    time_base                                0x20000094   Data           4  screen.o(.data)
    up_down_flag                             0x20000098   Data           1  screen.o(.data)
    pen_data_ready                           0x20000099   Data           1  screen.o(.data)
    net_complete_flag                        0x2000009a   Data           1  screen.o(.data)
    net_reconnect_flag                       0x2000009b   Data           1  screen.o(.data)
    net_reset_flag                           0x2000009c   Data           1  screen.o(.data)
    is_idle_flag                             0x2000009d   Data           1  screen.o(.data)
    meeting_end_flag                         0x2000009e   Data           1  screen.o(.data)
    Board_ID                                 0x2000009f   Data           2  wifi.o(.data)
    Phone_IP                                 0x200000a1   Data           4  wifi.o(.data)
    Board_IP                                 0x200000a5   Data           4  wifi.o(.data)
    Bar_code                                 0x200000a9   Data          10  wifi.o(.data)
    wifi_data_len                            0x200000b3   Data           1  wifi.o(.data)
    is_First_connect                         0x200000b4   Data           1  wifi.o(.data)
    seq_lowbat                               0x2000012c   Data          16  ledseq.o(.data)
    seq_armed                                0x2000013c   Data          56  ledseq.o(.data)
    seq_calibrating                          0x20000174   Data          24  ledseq.o(.data)
    seq_error                                0x2000018c   Data          24  ledseq.o(.data)
    seq_alive                                0x200001a4   Data          24  ledseq.o(.data)
    seq_flash_3_times                        0x200001bc   Data          56  ledseq.o(.data)
    seq_power_on                             0x200001f4   Data          16  ledseq.o(.data)
    seq_flash_80_waring                      0x20000204   Data          40  ledseq.o(.data)
    seq_flash_60_waring                      0x2000022c   Data          24  ledseq.o(.data)
    seq_testPassed                           0x20000244   Data         120  ledseq.o(.data)
    rt_interrupt_nest                        0x200002c8   Data           1  irq.o(.data)
    rt_assert_hook                           0x200002d4   Data           4  kservice.o(.data)
    rt_object_container                      0x200002f8   Data         144  object.o(.data)
    rt_object_trytake_hook                   0x20000390   Data           4  object.o(.data)
    rt_object_take_hook                      0x20000394   Data           4  object.o(.data)
    rt_object_put_hook                       0x20000398   Data           4  object.o(.data)
    rt_current_thread                        0x200003a0   Data           4  scheduler.o(.data)
    rt_current_priority                      0x200003a4   Data           1  scheduler.o(.data)
    rt_thread_ready_priority_group           0x200003a8   Data           4  scheduler.o(.data)
    rt_thread_defunct                        0x200003ac   Data           8  scheduler.o(.data)
    rt_interrupt_from_thread                 0x200003d0   Data           4  cpuport.o(.data)
    rt_interrupt_to_thread                   0x200003d4   Data           4  cpuport.o(.data)
    rt_thread_switch_interrupt_flag          0x200003d8   Data           4  cpuport.o(.data)
    serial3                                  0x200015e0   Data          84  usart.o(.bss)
    serial4                                  0x20001634   Data          84  usart.o(.bss)
    RT_Phone_IP                              0x20001688   Data          16  cc3200.o(.bss)
    MAC_BUF                                  0x20001698   Data          15  cc3200.o(.bss)
    Screen_seqSem                            0x200016a8   Data          32  usart2.o(.bss)
    Net_complete_seqSem                      0x200016c8   Data          32  usart2.o(.bss)
    USART2_RX_BUF                            0x200016e8   Data         200  usart2.o(.bss)
    USART2_TX_BUF                            0x200017b0   Data         200  usart2.o(.bss)
    USART_RX_BUF                             0x20001878   Data         200  usart2.o(.bss)
    Screen_TxBuffer                          0x20001940   Data          50  usart2.o(.bss)
    Screen_RxBuffer                          0x20001972   Data         255  usart2.o(.bss)
    WIFI_TxBuffer                            0x20001a71   Data         256  usart2.o(.bss)
    WIFI_RxBuffer                            0x20001b71   Data          50  usart2.o(.bss)
    FlashScreenDataSeq                       0x20001ba4   Data          12  screen.o(.bss)
    pen_data                                 0x20001bb0   Data         200  screen.o(.bss)
    wifi_data_to_send                        0x20001c78   Data         255  wifi.o(.bss)
    Phone_ID                                 0x20001d77   Data          16  wifi.o(.bss)
    ledseqSem                                0x20001ea8   Data          32  ledseq.o(.bss)
    rt_thread_priority_table                 0x200020e8   Data         256  scheduler.o(.bss)
    __libspace_start                         0x20002468   Data          96  libspace.o(.bss)
    __temporary_stack_top$libspace           0x200024c8   Data           0  libspace.o(.bss)
    Image$$RW_IRAM1$$ZI$$Limit               0x20002ac8   Number         0  anon$$obj.o ABSOLUTE



==============================================================================

Memory Map of the image

  Image Entry point : 0x08000131

  Load Region LR_IROM1 (Base: 0x08000000, Size: 0x00008b9c, Max: 0x00040000, ABSOLUTE, COMPRESSED[0x000088c8])

    Execution Region ER_IROM1 (Base: 0x08000000, Size: 0x000087bc, Max: 0x00040000, ABSOLUTE)

    Base Addr    Size         Type   Attr      Idx    E Section Name        Object

    0x08000000   0x00000130   Data   RO         3249    RESET               startup_stm32f10x_hd.o
    0x08000130   0x00000008   Code   RO         6041  * !!!main             c_w.l(__main.o)
    0x08000138   0x00000034   Code   RO         6213    !!!scatter          c_w.l(__scatter.o)
    0x0800016c   0x0000005a   Code   RO         6211    !!dczerorl2         c_w.l(__dczerorl2.o)
    0x080001c6   0x00000002   PAD
    0x080001c8   0x0000001c   Code   RO         6215    !!handler_zi        c_w.l(__scatter_zi.o)
    0x080001e4   0x00000000   Code   RO         6032    .ARM.Collect$$_printf_percent$$00000000  c_w.l(_printf_percent.o)
    0x080001e4   0x00000006   Code   RO         6031    .ARM.Collect$$_printf_percent$$00000009  c_w.l(_printf_d.o)
    0x080001ea   0x00000006   Code   RO         6030    .ARM.Collect$$_printf_percent$$00000014  c_w.l(_printf_s.o)
    0x080001f0   0x00000004   Code   RO         6052    .ARM.Collect$$_printf_percent$$00000017  c_w.l(_printf_percent_end.o)
    0x080001f4   0x00000002   Code   RO         6081    .ARM.Collect$$libinit$$00000000  c_w.l(libinit.o)
    0x080001f6   0x00000000   Code   RO         6088    .ARM.Collect$$libinit$$00000002  c_w.l(libinit2.o)
    0x080001f6   0x00000000   Code   RO         6090    .ARM.Collect$$libinit$$00000004  c_w.l(libinit2.o)
    0x080001f6   0x00000000   Code   RO         6093    .ARM.Collect$$libinit$$0000000A  c_w.l(libinit2.o)
    0x080001f6   0x00000000   Code   RO         6095    .ARM.Collect$$libinit$$0000000C  c_w.l(libinit2.o)
    0x080001f6   0x00000000   Code   RO         6097    .ARM.Collect$$libinit$$0000000E  c_w.l(libinit2.o)
    0x080001f6   0x00000000   Code   RO         6100    .ARM.Collect$$libinit$$00000011  c_w.l(libinit2.o)
    0x080001f6   0x00000000   Code   RO         6102    .ARM.Collect$$libinit$$00000013  c_w.l(libinit2.o)
    0x080001f6   0x00000000   Code   RO         6104    .ARM.Collect$$libinit$$00000015  c_w.l(libinit2.o)
    0x080001f6   0x00000000   Code   RO         6106    .ARM.Collect$$libinit$$00000017  c_w.l(libinit2.o)
    0x080001f6   0x00000000   Code   RO         6108    .ARM.Collect$$libinit$$00000019  c_w.l(libinit2.o)
    0x080001f6   0x00000000   Code   RO         6110    .ARM.Collect$$libinit$$0000001B  c_w.l(libinit2.o)
    0x080001f6   0x00000000   Code   RO         6112    .ARM.Collect$$libinit$$0000001D  c_w.l(libinit2.o)
    0x080001f6   0x00000000   Code   RO         6114    .ARM.Collect$$libinit$$0000001F  c_w.l(libinit2.o)
    0x080001f6   0x00000000   Code   RO         6116    .ARM.Collect$$libinit$$00000021  c_w.l(libinit2.o)
    0x080001f6   0x00000000   Code   RO         6118    .ARM.Collect$$libinit$$00000023  c_w.l(libinit2.o)
    0x080001f6   0x00000000   Code   RO         6120    .ARM.Collect$$libinit$$00000025  c_w.l(libinit2.o)
    0x080001f6   0x00000000   Code   RO         6124    .ARM.Collect$$libinit$$0000002C  c_w.l(libinit2.o)
    0x080001f6   0x00000000   Code   RO         6126    .ARM.Collect$$libinit$$0000002E  c_w.l(libinit2.o)
    0x080001f6   0x00000000   Code   RO         6128    .ARM.Collect$$libinit$$00000030  c_w.l(libinit2.o)
    0x080001f6   0x00000000   Code   RO         6130    .ARM.Collect$$libinit$$00000032  c_w.l(libinit2.o)
    0x080001f6   0x00000002   Code   RO         6131    .ARM.Collect$$libinit$$00000033  c_w.l(libinit2.o)
    0x080001f8   0x00000002   Code   RO         6151    .ARM.Collect$$libshutdown$$00000000  c_w.l(libshutdown.o)
    0x080001fa   0x00000000   Code   RO         6164    .ARM.Collect$$libshutdown$$00000002  c_w.l(libshutdown2.o)
    0x080001fa   0x00000000   Code   RO         6166    .ARM.Collect$$libshutdown$$00000004  c_w.l(libshutdown2.o)
    0x080001fa   0x00000000   Code   RO         6169    .ARM.Collect$$libshutdown$$00000007  c_w.l(libshutdown2.o)
    0x080001fa   0x00000000   Code   RO         6172    .ARM.Collect$$libshutdown$$0000000A  c_w.l(libshutdown2.o)
    0x080001fa   0x00000000   Code   RO         6174    .ARM.Collect$$libshutdown$$0000000C  c_w.l(libshutdown2.o)
    0x080001fa   0x00000000   Code   RO         6177    .ARM.Collect$$libshutdown$$0000000F  c_w.l(libshutdown2.o)
    0x080001fa   0x00000002   Code   RO         6178    .ARM.Collect$$libshutdown$$00000010  c_w.l(libshutdown2.o)
    0x080001fc   0x00000000   Code   RO         6043    .ARM.Collect$$rtentry$$00000000  c_w.l(__rtentry.o)
    0x080001fc   0x00000000   Code   RO         6056    .ARM.Collect$$rtentry$$00000002  c_w.l(__rtentry2.o)
    0x080001fc   0x00000006   Code   RO         6068    .ARM.Collect$$rtentry$$00000004  c_w.l(__rtentry4.o)
    0x08000202   0x00000000   Code   RO         6058    .ARM.Collect$$rtentry$$00000009  c_w.l(__rtentry2.o)
    0x08000202   0x00000004   Code   RO         6059    .ARM.Collect$$rtentry$$0000000A  c_w.l(__rtentry2.o)
    0x08000206   0x00000000   Code   RO         6061    .ARM.Collect$$rtentry$$0000000C  c_w.l(__rtentry2.o)
    0x08000206   0x00000008   Code   RO         6062    .ARM.Collect$$rtentry$$0000000D  c_w.l(__rtentry2.o)
    0x0800020e   0x00000002   Code   RO         6085    .ARM.Collect$$rtexit$$00000000  c_w.l(rtexit.o)
    0x08000210   0x00000000   Code   RO         6133    .ARM.Collect$$rtexit$$00000002  c_w.l(rtexit2.o)
    0x08000210   0x00000004   Code   RO         6134    .ARM.Collect$$rtexit$$00000003  c_w.l(rtexit2.o)
    0x08000214   0x00000006   Code   RO         6135    .ARM.Collect$$rtexit$$00000004  c_w.l(rtexit2.o)
    0x0800021a   0x00000002   PAD
    0x0800021c   0x00000040   Code   RO         3250    .text               startup_stm32f10x_hd.o
    0x0800025c   0x000000ec   Code   RO         5533    .text               context_rvds.o
    0x08000348   0x00000028   Code   RO         6002    .text               c_w.l(noretval__2sprintf.o)
    0x08000370   0x00000068   Code   RO         6004    .text               c_w.l(__printf.o)
    0x080003d8   0x00000052   Code   RO         6006    .text               c_w.l(_printf_str.o)
    0x0800042a   0x00000002   PAD
    0x0800042c   0x00000078   Code   RO         6008    .text               c_w.l(_printf_dec.o)
    0x080004a4   0x00000024   Code   RO         6033    .text               c_w.l(strstr.o)
    0x080004c8   0x0000003e   Code   RO         6035    .text               c_w.l(strlen.o)
    0x08000506   0x00000006   Code   RO         6039    .text               c_w.l(heapauxi.o)
    0x0800050c   0x000000b2   Code   RO         6044    .text               c_w.l(_printf_intcommon.o)
    0x080005be   0x00000002   PAD
    0x080005c0   0x00000030   Code   RO         6046    .text               c_w.l(_printf_char_common.o)
    0x080005f0   0x0000000a   Code   RO         6048    .text               c_w.l(_sputc.o)
    0x080005fa   0x0000002c   Code   RO         6050    .text               c_w.l(_printf_char.o)
    0x08000626   0x0000004a   Code   RO         6072    .text               c_w.l(sys_stackheap_outer.o)
    0x08000670   0x00000012   Code   RO         6074    .text               c_w.l(exit.o)
    0x08000682   0x00000002   PAD
    0x08000684   0x00000008   Code   RO         6082    .text               c_w.l(libspace.o)
    0x0800068c   0x0000000c   Code   RO         6143    .text               c_w.l(sys_exit.o)
    0x08000698   0x00000002   Code   RO         6154    .text               c_w.l(use_no_semi.o)
    0x0800069a   0x00000000   Code   RO         6156    .text               c_w.l(indicate_semi.o)
    0x0800069a   0x00000024   Code   RO         3629    i.ASCII_to_binary   cc3200.o
    0x080006be   0x00000004   Code   RO         3494    i.BusFault_Handler  stm32f10x_it.o
    0x080006c2   0x00000002   Code   RO         3495    i.DebugMon_Handler  stm32f10x_it.o
    0x080006c4   0x00000068   Code   RO         3547    i.GPIO_Configuration  usart.o
    0x0800072c   0x000001d8   Code   RO         1345    i.GPIO_Init         stm32f10x_gpio.o
    0x08000904   0x00000258   Code   RO         1347    i.GPIO_PinRemapConfig  stm32f10x_gpio.o
    0x08000b5c   0x0000009c   Code   RO         1348    i.GPIO_ReadInputData  stm32f10x_gpio.o
    0x08000bf8   0x00000108   Code   RO         1349    i.GPIO_ReadInputDataBit  stm32f10x_gpio.o
    0x08000d00   0x000000b0   Code   RO         1352    i.GPIO_ResetBits    stm32f10x_gpio.o
    0x08000db0   0x000000b0   Code   RO         1353    i.GPIO_SetBits      stm32f10x_gpio.o
    0x08000e60   0x00000034   Code   RO         4048    i.KeyRead           key.o
    0x08000e94   0x000000d8   Code   RO         3298    i.Key_thread_entry  application.o
    0x08000f6c   0x00000004   Code   RO         3496    i.MemManage_Handler  stm32f10x_it.o
    0x08000f70   0x00000002   Code   RO         3497    i.NMI_Handler       stm32f10x_it.o
    0x08000f72   0x0000000e   Code   RO         3454    i.NVIC_Configuration  board.o
    0x08000f80   0x00000022   Code   RO         3548    i.NVIC_Configuration  usart.o
    0x08000fa2   0x00000002   PAD
    0x08000fa4   0x000000e0   Code   RO            3    i.NVIC_Init         misc.o
    0x08001084   0x0000007c   Code   RO            5    i.NVIC_SetVectorTable  misc.o
    0x08001100   0x0000008c   Code   RO         1793    i.RCC_APB1PeriphClockCmd  stm32f10x_rcc.o
    0x0800118c   0x0000008c   Code   RO         1794    i.RCC_APB1PeriphResetCmd  stm32f10x_rcc.o
    0x08001218   0x0000008c   Code   RO         1795    i.RCC_APB2PeriphClockCmd  stm32f10x_rcc.o
    0x080012a4   0x0000008c   Code   RO         1796    i.RCC_APB2PeriphResetCmd  stm32f10x_rcc.o
    0x08001330   0x00000024   Code   RO         3549    i.RCC_Configuration  usart.o
    0x08001354   0x000000d4   Code   RO         1803    i.RCC_GetClocksFreq  stm32f10x_rcc.o
    0x08001428   0x00000002   Code   RO         3498    i.SVC_Handler       stm32f10x_it.o
    0x0800142a   0x00000002   PAD
    0x0800142c   0x000001f0   Code   RO         3830    i.Screen_data_analize  screen.o
    0x0800161c   0x00000012   Code   RO         3299    i.Screen_thread_entry  application.o
    0x0800162e   0x00000008   Code   RO         3256    i.SetSysClock       system_stm32f10x.o
    0x08001636   0x00000002   PAD
    0x08001638   0x000000e0   Code   RO         3257    i.SetSysClockTo72   system_stm32f10x.o
    0x08001718   0x0000003c   Code   RO         3455    i.SysTick_Handler   board.o
    0x08001754   0x00000060   Code   RO         3259    i.SystemInit        system_stm32f10x.o
    0x080017b4   0x00000034   Code   RO         3755    i.TIM7_IRQHandler   usart2.o
    0x080017e8   0x00000060   Code   RO         3756    i.TIM7_Int_Init     usart2.o
    0x08001848   0x00000110   Code   RO         2454    i.TIM_ClearITPendingBit  stm32f10x_tim.o
    0x08001958   0x00000120   Code   RO         2459    i.TIM_Cmd           stm32f10x_tim.o
    0x08001a78   0x00000148   Code   RO         2480    i.TIM_GetITStatus   stm32f10x_tim.o
    0x08001bc0   0x00000130   Code   RO         2484    i.TIM_ITConfig      stm32f10x_tim.o
    0x08001cf0   0x000000f8   Code   RO         2524    i.TIM_SetCounter    stm32f10x_tim.o
    0x08001de8   0x000001b0   Code   RO         2530    i.TIM_TimeBaseInit  stm32f10x_tim.o
    0x08001f98   0x0000005c   Code   RO         3550    i.UART4_IRQHandler  usart.o
    0x08001ff4   0x00000140   Code   RO         3757    i.USART1_IRQHandler  usart2.o
    0x08002134   0x00000250   Code   RO         3758    i.USART2_IRQHandler  usart2.o
    0x08002384   0x0000002c   Code   RO         3630    i.USART2_SendByte   cc3200.o
    0x080023b0   0x00000020   Code   RO         3631    i.USART2_Send_ATCmd  cc3200.o
    0x080023d0   0x0000005c   Code   RO         3551    i.USART3_IRQHandler  usart.o
    0x0800242c   0x000000ec   Code   RO         3000    i.USART_ClearITPendingBit  stm32f10x_usart.o
    0x08002518   0x000000f0   Code   RO         3001    i.USART_ClockInit   stm32f10x_usart.o
    0x08002608   0x000000b0   Code   RO         3003    i.USART_Cmd         stm32f10x_usart.o
    0x080026b8   0x00000104   Code   RO         3005    i.USART_DeInit      stm32f10x_usart.o
    0x080027bc   0x000000f4   Code   RO         3006    i.USART_GetFlagStatus  stm32f10x_usart.o
    0x080028b0   0x00000150   Code   RO         3007    i.USART_GetITStatus  stm32f10x_usart.o
    0x08002a00   0x0000014c   Code   RO         3009    i.USART_ITConfig    stm32f10x_usart.o
    0x08002b4c   0x0000021c   Code   RO         3010    i.USART_Init        stm32f10x_usart.o
    0x08002d68   0x0000008c   Code   RO         3017    i.USART_ReceiveData  stm32f10x_usart.o
    0x08002df4   0x0000004c   Code   RO         3760    i.Uart2_Put_Buf     usart2.o
    0x08002e40   0x00000004   Code   RO         3499    i.UsageFault_Handler  stm32f10x_it.o
    0x08002e44   0x0000004c   Code   RO         4733    i.__rt_ffs          kservice.o
    0x08002e90   0x00000014   Code   RO         4390    i._has_defunct_thread  idle.o
    0x08002ea4   0x000000bc   Code   RO         5172    i._rt_scheduler_stack_check  scheduler.o
    0x08002f60   0x000000bc   Code   RO         5257    i._rt_thread_init   thread.o
    0x0800301c   0x00000042   Code   RO         5372    i._rt_timer_init    timer.o
    0x0800305e   0x0000002e   Code   RO         5373    i._rt_timer_remove  timer.o
    0x0800308c   0x000000b0   Code   RO         5571    i._serial_dma_rx    serial.o
    0x0800313c   0x0000005c   Code   RO         5572    i._serial_dma_tx    serial.o
    0x08003198   0x00000098   Code   RO         5573    i._serial_int_rx    serial.o
    0x08003230   0x0000006c   Code   RO         5574    i._serial_int_tx    serial.o
    0x0800329c   0x00000058   Code   RO         5575    i._serial_poll_rx   serial.o
    0x080032f4   0x00000054   Code   RO         5576    i._serial_poll_tx   serial.o
    0x08003348   0x00000070   Code   RO         3418    i.assert_failed     startup.o
    0x080033b8   0x0000002c   Code   RO         3632    i.cc3200_Hardware_Reset  cc3200.o
    0x080033e4   0x00000034   Code   RO         3633    i.cc3200_check_cmd  cc3200.o
    0x08003418   0x000000e8   Code   RO         3634    i.cc3200_get_staip  cc3200.o
    0x08003500   0x00000054   Code   RO         3635    i.cc3200_init       cc3200.o
    0x08003554   0x00000178   Code   RO         3636    i.cc3200_reconnect  cc3200.o
    0x080036cc   0x00000058   Code   RO         3637    i.cc3200_send_cmd   cc3200.o
    0x08003724   0x00000140   Code   RO         3638    i.cc3200_set_udpIP  cc3200.o
    0x08003864   0x000000c8   Code   RO         3639    i.cc3200_set_udpPort  cc3200.o
    0x0800392c   0x000001d4   Code   RO         3640    i.cc3200_smartcfg   cc3200.o
    0x08003b00   0x00000024   Code   RO         3642    i.cc3200_start      cc3200.o
    0x08003b24   0x00000220   Code   RO         3300    i.cc3200_thread_entry  application.o
    0x08003d44   0x00000024   Code   RO         4182    i.getPrio           ledseq.o
    0x08003d68   0x00000028   Code   RO         4049    i.key_init          key.o
    0x08003d90   0x00000050   Code   RO         4050    i.key_scan          key.o
    0x08003de0   0x00000038   Code   RO         4136    i.ledSet            led.o
    0x08003e18   0x00000050   Code   RO         3301    i.led_thread_entry  application.o
    0x08003e68   0x000000ac   Code   RO         4183    i.ledseq_init       ledseq.o
    0x08003f14   0x00000064   Code   RO         4184    i.ledseq_run        ledseq.o
    0x08003f78   0x00000058   Code   RO         4185    i.ledseq_stop       ledseq.o
    0x08003fd0   0x0000000e   Code   RO         3419    i.main              startup.o
    0x08003fde   0x00000002   PAD
    0x08003fe0   0x0000010c   Code   RO         4925    i.plug_holes        mem.o
    0x080040ec   0x0000018c   Code   RO         4735    i.print_number      kservice.o
    0x08004278   0x0000011c   Code   RO         3302    i.rt_application_init  application.o
    0x08004394   0x00000074   Code   RO         4736    i.rt_assert_handler  kservice.o
    0x08004408   0x00000068   Code   RO         5650    i.rt_completion_done  completion.o
    0x08004470   0x00000048   Code   RO         5651    i.rt_completion_init  completion.o
    0x080044b8   0x0000013c   Code   RO         5652    i.rt_completion_wait  completion.o
    0x080045f4   0x0000001c   Code   RO         4272    i.rt_components_board_init  components.o
    0x08004610   0x0000001c   Code   RO         4273    i.rt_components_init  components.o
    0x0800462c   0x00000034   Code   RO         4739    i.rt_console_set_device  kservice.o
    0x08004660   0x00000068   Code   RO         5683    i.rt_data_queue_init  dataqueue.o
    0x080046c8   0x00000078   Code   RO         5684    i.rt_data_queue_peak  dataqueue.o
    0x08004740   0x000001b8   Code   RO         5685    i.rt_data_queue_pop  dataqueue.o
    0x080048f8   0x00000154   Code   RO         5686    i.rt_data_queue_push  dataqueue.o
    0x08004a4c   0x00000058   Code   RO         4310    i.rt_device_close   device.o
    0x08004aa4   0x00000050   Code   RO         4312    i.rt_device_find    device.o
    0x08004af4   0x000000e8   Code   RO         4315    i.rt_device_open    device.o
    0x08004bdc   0x00000032   Code   RO         4317    i.rt_device_register  device.o
    0x08004c0e   0x00000002   PAD
    0x08004c10   0x00000060   Code   RO         4321    i.rt_device_write   device.o
    0x08004c70   0x00000020   Code   RO         5174    i.rt_enter_critical  scheduler.o
    0x08004c90   0x0000003c   Code   RO         5175    i.rt_exit_critical  scheduler.o
    0x08004ccc   0x00000198   Code   RO         4927    i.rt_free           mem.o
    0x08004e64   0x00000078   Code   RO         3456    i.rt_hw_board_init  board.o
    0x08004edc   0x00000002   Code   RO         4742    i.rt_hw_console_output  kservice.o
    0x08004ede   0x00000002   PAD
    0x08004ee0   0x00000200   Code   RO         5501    i.rt_hw_hard_fault_exception  cpuport.o
    0x080050e0   0x00000068   Code   RO         4138    i.rt_hw_led_init    led.o
    0x08005148   0x00000144   Code   RO         5577    i.rt_hw_serial_isr  serial.o
    0x0800528c   0x0000007c   Code   RO         5578    i.rt_hw_serial_register  serial.o
    0x08005308   0x0000004c   Code   RO         5502    i.rt_hw_stack_init  cpuport.o
    0x08005354   0x00000094   Code   RO         3552    i.rt_hw_usart_init  usart.o
    0x080053e8   0x0000000a   Code   RO         3303    i.rt_init_thread_entry  application.o
    0x080053f2   0x00000002   PAD
    0x080053f4   0x00000024   Code   RO         4706    i.rt_interrupt_enter  irq.o
    0x08005418   0x0000000c   Code   RO         4707    i.rt_interrupt_get_nest  irq.o
    0x08005424   0x00000024   Code   RO         4708    i.rt_interrupt_leave  irq.o
    0x08005448   0x00000018   Code   RO         4439    i.rt_ipc_list_resume  ipc.o
    0x08005460   0x0000006c   Code   RO         4441    i.rt_ipc_list_suspend  ipc.o
    0x080054cc   0x00000010   Code   RO         4442    i.rt_ipc_object_init  ipc.o
    0x080054dc   0x00000068   Code   RO         4743    i.rt_kprintf        kservice.o
    0x08005544   0x00000006   Code   RO         4443    i.rt_list_init      ipc.o
    0x0800554a   0x00000006   Code   RO         5176    i.rt_list_init      scheduler.o
    0x08005550   0x00000006   Code   RO         5374    i.rt_list_init      timer.o
    0x08005556   0x00000006   Code   RO         5688    i.rt_list_init      dataqueue.o
    0x0800555c   0x0000000e   Code   RO         5071    i.rt_list_insert_after  object.o
    0x0800556a   0x0000000e   Code   RO         5258    i.rt_list_insert_after  thread.o
    0x08005578   0x0000000e   Code   RO         5375    i.rt_list_insert_after  timer.o
    0x08005586   0x0000000e   Code   RO         4444    i.rt_list_insert_before  ipc.o
    0x08005594   0x0000000e   Code   RO         5689    i.rt_list_insert_before  dataqueue.o
    0x080055a2   0x00000010   Code   RO         4445    i.rt_list_isempty   ipc.o
    0x080055b2   0x00000010   Code   RO         5376    i.rt_list_isempty   timer.o
    0x080055c2   0x00000010   Code   RO         5653    i.rt_list_isempty   completion.o
    0x080055d2   0x00000010   Code   RO         5690    i.rt_list_isempty   dataqueue.o
    0x080055e2   0x00000012   Code   RO         5072    i.rt_list_remove    object.o
    0x080055f4   0x00000012   Code   RO         5259    i.rt_list_remove    thread.o
    0x08005606   0x00000002   PAD
    0x08005608   0x000002b4   Code   RO         4929    i.rt_malloc         mem.o
    0x080058bc   0x00000048   Code   RO         4748    i.rt_memset         kservice.o
    0x08005904   0x000000b8   Code   RO         5073    i.rt_object_allocate  object.o
    0x080059bc   0x0000009c   Code   RO         5075    i.rt_object_delete  object.o
    0x08005a58   0x00000054   Code   RO         5076    i.rt_object_detach  object.o
    0x08005aac   0x00000054   Code   RO         5080    i.rt_object_init    object.o
    0x08005b00   0x0000003c   Code   RO         5081    i.rt_object_is_systemobject  object.o
    0x08005b3c   0x000000a4   Code   RO         5177    i.rt_schedule       scheduler.o
    0x08005be0   0x00000074   Code   RO         5178    i.rt_schedule_insert_thread  scheduler.o
    0x08005c54   0x00000080   Code   RO         5179    i.rt_schedule_remove_thread  scheduler.o
    0x08005cd4   0x00000048   Code   RO         4473    i.rt_sem_init       ipc.o
    0x08005d1c   0x00000054   Code   RO         4474    i.rt_sem_release    ipc.o
    0x08005d70   0x00000188   Code   RO         4475    i.rt_sem_take       ipc.o
    0x08005ef8   0x00000154   Code   RO         5579    i.rt_serial_close   serial.o
    0x0800604c   0x00000074   Code   RO         5580    i.rt_serial_control  serial.o
    0x080060c0   0x00000048   Code   RO         5581    i.rt_serial_init    serial.o
    0x08006108   0x000001e0   Code   RO         5582    i.rt_serial_open    serial.o
    0x080062e8   0x0000006c   Code   RO         5583    i.rt_serial_read    serial.o
    0x08006354   0x0000006c   Code   RO         5584    i.rt_serial_write   serial.o
    0x080063c0   0x00000028   Code   RO         4749    i.rt_set_errno      kservice.o
    0x080063e8   0x000000b0   Code   RO         4750    i.rt_show_version   kservice.o
    0x08006498   0x000000a0   Code   RO         5377    i.rt_soft_timer_check  timer.o
    0x08006538   0x00000012   Code   RO         4756    i.rt_strlen         kservice.o
    0x0800654a   0x00000028   Code   RO         4757    i.rt_strncmp        kservice.o
    0x08006572   0x00000034   Code   RO         4758    i.rt_strncpy        kservice.o
    0x080065a6   0x00000002   PAD
    0x080065a8   0x00000150   Code   RO         4933    i.rt_system_heap_init  mem.o
    0x080066f8   0x00000050   Code   RO         5181    i.rt_system_scheduler_init  scheduler.o
    0x08006748   0x00000030   Code   RO         5182    i.rt_system_scheduler_start  scheduler.o
    0x08006778   0x0000001c   Code   RO         5378    i.rt_system_timer_init  timer.o
    0x08006794   0x00000054   Code   RO         5379    i.rt_system_timer_thread_init  timer.o
    0x080067e8   0x00000050   Code   RO         5261    i.rt_thread_create  thread.o
    0x08006838   0x0000000c   Code   RO         5262    i.rt_thread_delay   thread.o
    0x08006844   0x00000054   Code   RO         5265    i.rt_thread_exit    thread.o
    0x08006898   0x00000018   Code   RO         4391    i.rt_thread_idle_entry  idle.o
    0x080068b0   0x000000cc   Code   RO         4392    i.rt_thread_idle_excute  idle.o
    0x0800697c   0x0000003c   Code   RO         4393    i.rt_thread_idle_init  idle.o
    0x080069b8   0x0000007c   Code   RO         5267    i.rt_thread_init    thread.o
    0x08006a34   0x00000068   Code   RO         5268    i.rt_thread_resume  thread.o
    0x08006a9c   0x0000000c   Code   RO         5269    i.rt_thread_self    thread.o
    0x08006aa8   0x00000068   Code   RO         5270    i.rt_thread_sleep   thread.o
    0x08006b10   0x00000088   Code   RO         5271    i.rt_thread_startup  thread.o
    0x08006b98   0x00000064   Code   RO         5272    i.rt_thread_suspend  thread.o
    0x08006bfc   0x00000080   Code   RO         5273    i.rt_thread_timeout  thread.o
    0x08006c7c   0x00000044   Code   RO         5380    i.rt_thread_timer_entry  timer.o
    0x08006cc0   0x00000060   Code   RO         5274    i.rt_thread_yield   thread.o
    0x08006d20   0x0000000c   Code   RO         4236    i.rt_tick_get       clock.o
    0x08006d2c   0x00000030   Code   RO         4237    i.rt_tick_increase  clock.o
    0x08006d5c   0x0000009c   Code   RO         5381    i.rt_timer_check    timer.o
    0x08006df8   0x00000064   Code   RO         5382    i.rt_timer_control  timer.o
    0x08006e5c   0x00000036   Code   RO         5383    i.rt_timer_create   timer.o
    0x08006e92   0x00000002   PAD
    0x08006e94   0x00000044   Code   RO         5385    i.rt_timer_detach   timer.o
    0x08006ed8   0x00000054   Code   RO         5386    i.rt_timer_init     timer.o
    0x08006f2c   0x0000001c   Code   RO         5387    i.rt_timer_list_next_timeout  timer.o
    0x08006f48   0x0000019c   Code   RO         5389    i.rt_timer_start    timer.o
    0x080070e4   0x0000006c   Code   RO         5390    i.rt_timer_stop     timer.o
    0x08007150   0x00000328   Code   RO         4760    i.rt_vsnprintf      kservice.o
    0x08007478   0x00000004   Code   RO         4274    i.rti_board_end     components.o
    0x0800747c   0x00000004   Code   RO         4275    i.rti_end           components.o
    0x08007480   0x00000004   Code   RO         4276    i.rti_start         components.o
    0x08007484   0x00000034   Code   RO         3420    i.rtthread_startup  startup.o
    0x080074b8   0x00000134   Code   RO         4186    i.runLedseq         ledseq.o
    0x080075ec   0x00000026   Code   RO         4762    i.skip_atoi         kservice.o
    0x08007612   0x00000002   PAD
    0x08007614   0x000000e8   Code   RO         3553    i.stm32_configure   usart.o
    0x080076fc   0x00000090   Code   RO         3554    i.stm32_control     usart.o
    0x0800778c   0x00000044   Code   RO         3555    i.stm32_getc        usart.o
    0x080077d0   0x00000044   Code   RO         3556    i.stm32_putc        usart.o
    0x08007814   0x000000f0   Code   RO         3761    i.uart1_init        usart2.o
    0x08007904   0x00000048   Code   RO         4187    i.updateActive      ledseq.o
    0x0800794c   0x000000cc   Code   RO         3762    i.usart2_init       usart2.o
    0x08007a18   0x000001a8   Code   RO         3995    i.wifi_ack_send     wifi.o
    0x08007bc0   0x00000214   Code   RO         3996    i.wifi_data_deal    wifi.o
    0x08007dd4   0x00000084   Code   RO         3644    i.wifi_reset        cc3200.o
    0x08007e58   0x000000b0   Code   RO         3998    i.wifi_send_pen_data  wifi.o
    0x08007f08   0x00000050   Data   RO         3558    .constdata          usart.o
    0x08007f58   0x000000a8   Data   RO         4322    .constdata          device.o
    0x08008000   0x00000016   Data   RO         4396    .constdata          idle.o
    0x08008016   0x000001d7   Data   RO         4477    .constdata          ipc.o
    0x080081ed   0x00000122   Data   RO         4764    .constdata          kservice.o
    0x0800830f   0x00000046   Data   RO         4935    .constdata          mem.o
    0x08008355   0x0000005e   Data   RO         5086    .constdata          object.o
    0x080083b3   0x0000004e   Data   RO         5184    .constdata          scheduler.o
    0x08008401   0x000000aa   Data   RO         5275    .constdata          thread.o
    0x080084ab   0x0000005c   Data   RO         5393    .constdata          timer.o
    0x08008507   0x000000d3   Data   RO         5585    .constdata          serial.o
    0x080085da   0x00000039   Data   RO         5654    .constdata          completion.o
    0x08008613   0x0000004b   Data   RO         5691    .constdata          dataqueue.o
    0x0800865e   0x00000002   PAD
    0x08008660   0x0000003d   Data   RO         3646    .conststring        cc3200.o
    0x0800869d   0x00000003   PAD
    0x080086a0   0x000000ed   Data   RO         4936    .conststring        mem.o
    0x0800878d   0x00000003   PAD
    0x08008790   0x00000004   Data   RO         4277    .rti_fn.0           components.o
    0x08008794   0x00000004   Data   RO         4278    .rti_fn.1.end       components.o
    0x08008798   0x00000004   Data   RO         4279    .rti_fn.6.end       components.o
    0x0800879c   0x00000020   Data   RO         6209    Region$$Table       anon$$obj.o


    Execution Region RW_IRAM1 (Base: 0x20000000, Size: 0x00002ac8, Max: 0x0000c000, ABSOLUTE, COMPRESSED[0x0000010c])

    Base Addr    Size         Type   Attr      Idx    E Section Name        Object

    0x20000000   0x00000014   Data   RW         1823    .data               stm32f10x_rcc.o
    0x20000014   0x00000014   Data   RW         3260    .data               system_stm32f10x.o
    0x20000028   0x0000000a   Data   RW         3305    .data               application.o
    0x20000032   0x00000001   Data   RW         3457    .data               board.o
    0x20000033   0x00000001   PAD
    0x20000034   0x00000010   Data   RW         3559    .data               usart.o
    0x20000044   0x00000030   Data   RW         3647    .data               cc3200.o
    0x20000074   0x00000016   Data   RW         3764    .data               usart2.o
    0x2000008a   0x00000002   PAD
    0x2000008c   0x00000013   Data   RW         3832    .data               screen.o
    0x2000009f   0x00000016   Data   RW         4000    .data               wifi.o
    0x200000b5   0x00000003   PAD
    0x200000b8   0x0000004c   Data   RW         4141    .data               led.o
    0x20000104   0x000001b9   Data   RW         4189    .data               ledseq.o
    0x200002bd   0x00000003   PAD
    0x200002c0   0x00000004   Data   RW         4239    .data               clock.o
    0x200002c4   0x00000004   Data   RW         4397    .data               idle.o
    0x200002c8   0x00000001   Data   RW         4709    .data               irq.o
    0x200002c9   0x00000003   PAD
    0x200002cc   0x0000000c   Data   RW         4765    .data               kservice.o
    0x200002d8   0x00000020   Data   RW         4937    .data               mem.o
    0x200002f8   0x000000a4   Data   RW         5087    .data               object.o
    0x2000039c   0x0000001c   Data   RW         5185    .data               scheduler.o
    0x200003b8   0x00000018   Data   RW         5394    .data               timer.o
    0x200003d0   0x00000010   Data   RW         5504    .data               cpuport.o
    0x200003e0   0x00001200   Zero   RW         3304    .bss                application.o
    0x200015e0   0x000000a8   Zero   RW         3557    .bss                usart.o
    0x20001688   0x0000001f   Zero   RW         3645    .bss                cc3200.o
    0x200016a7   0x00000001   PAD
    0x200016a8   0x000004fb   Zero   RW         3763    .bss                usart2.o
    0x20001ba3   0x00000001   PAD
    0x20001ba4   0x000000d4   Zero   RW         3831    .bss                screen.o
    0x20001c78   0x0000010f   Zero   RW         3999    .bss                wifi.o
    0x20001d87   0x00000001   PAD
    0x20001d88   0x00000140   Zero   RW         4188    .bss                ledseq.o
    0x20001ec8   0x00000180   Zero   RW         4395    .bss                idle.o
    0x20002048   0x00000080   Zero   RW         4763    .bss                kservice.o
    0x200020c8   0x00000020   Zero   RW         4934    .bss                mem.o
    0x200020e8   0x00000100   Zero   RW         5183    .bss                scheduler.o
    0x200021e8   0x00000280   Zero   RW         5392    .bss                timer.o
    0x20002468   0x00000060   Zero   RW         6083    .bss                c_w.l(libspace.o)
    0x200024c8   0x00000200   Zero   RW         3248    HEAP                startup_stm32f10x_hd.o
    0x200026c8   0x00000400   Zero   RW         3247    STACK               startup_stm32f10x_hd.o


==============================================================================

Image component sizes


      Code (inc. data)   RO Data    RW Data    ZI Data      Debug   Object Name

      1152        200          0         10       4608      15370   application.o
       194         30          0          1          0      23701   board.o
      2144        736         61         48         31       9365   cc3200.o
        60         12          0          4          0       1129   clock.o
       508        176         57          0          0       3931   completion.o
        68         16         12          0          0       2944   components.o
       236         24          0          0          0        752   context_rvds.o
       588        328          0         16          0       3082   cpuport.o
      1040        216         75          0          0       8023   dataqueue.o
       546        140        168          0          0       7606   device.o
       308         80         22          4        384       3598   idle.o
       732        152        471          0          0      29496   ipc.o
        84         18          0          1          0       1942   irq.o
       172         10          0          0          0       1776   key.o
      1990        236        290         12        128      11614   kservice.o
       160         24          0         76          0       1802   led.o
       776        114          0        441        320       5720   ledseq.o
      1704        572        307         32         32       5917   mem.o
       348        132          0          0          0     255186   misc.o
       600        186         94        164          0       6657   object.o
       822        254         78         28        256       6902   scheduler.o
       496         18          0         19        212       2711   screen.o
      2372        514        211          0          0      12355   serial.o
       178         90          0          0          0       1923   startup.o
        64         26        304          0       1536        900   startup_stm32f10x_hd.o
      1844        614          0          0          0       6027   stm32f10x_gpio.o
        18          0          0          0          0       2615   stm32f10x_it.o
       772        300          0         20          0       6092   stm32f10x_rcc.o
      1872        750          0          0          0       5179   stm32f10x_tim.o
      2504        764          0          0          0       8671   stm32f10x_usart.o
       328         28          0         20          0       2553   system_stm32f10x.o
      1200        318        170          0          0      11532   thread.o
      1498        236         92         24        640      12559   timer.o
      1018        188         80         16        168      33287   usart.o
      1580        168          0         22       1275       6309   usart2.o
      1132         88          0         22        271       3938   wifi.o

    ----------------------------------------------------------------------
     31130       7758       2532        992       9864     523164   Object Totals
         0          0         32          0          0          0   (incl. Generated)
        22          0          8         12          3          0   (incl. Padding)

    ----------------------------------------------------------------------

      Code (inc. data)   RO Data    RW Data    ZI Data      Debug   Library Member Name

        90          0          0          0          0          0   __dczerorl2.o
         8          0          0          0          0         68   __main.o
       104          0          0          0          0         84   __printf.o
         0          0          0          0          0          0   __rtentry.o
        12          0          0          0          0          0   __rtentry2.o
         6          0          0          0          0          0   __rtentry4.o
        52          8          0          0          0          0   __scatter.o
        28          0          0          0          0          0   __scatter_zi.o
        44          0          0          0          0        108   _printf_char.o
        48          6          0          0          0         96   _printf_char_common.o
         6          0          0          0          0          0   _printf_d.o
       120         16          0          0          0         92   _printf_dec.o
       178          0          0          0          0         88   _printf_intcommon.o
         0          0          0          0          0          0   _printf_percent.o
         4          0          0          0          0          0   _printf_percent_end.o
         6          0          0          0          0          0   _printf_s.o
        82          0          0          0          0         80   _printf_str.o
        10          0          0          0          0         68   _sputc.o
        18          0          0          0          0         80   exit.o
         6          0          0          0          0        152   heapauxi.o
         0          0          0          0          0          0   indicate_semi.o
         2          0          0          0          0          0   libinit.o
         2          0          0          0          0          0   libinit2.o
         2          0          0          0          0          0   libshutdown.o
         2          0          0          0          0          0   libshutdown2.o
         8          4          0          0         96         68   libspace.o
        40          6          0          0          0         84   noretval__2sprintf.o
         2          0          0          0          0          0   rtexit.o
        10          0          0          0          0          0   rtexit2.o
        62          0          0          0          0         76   strlen.o
        36          0          0          0          0         80   strstr.o
        12          4          0          0          0         68   sys_exit.o
        74          0          0          0          0         80   sys_stackheap_outer.o
         2          0          0          0          0         68   use_no_semi.o

    ----------------------------------------------------------------------
      1086         44          0          0         96       1440   Library Totals
        10          0          0          0          0          0   (incl. Padding)

    ----------------------------------------------------------------------

      Code (inc. data)   RO Data    RW Data    ZI Data      Debug   Library Name

      1076         44          0          0         96       1440   c_w.l

    ----------------------------------------------------------------------
      1086         44          0          0         96       1440   Library Totals

    ----------------------------------------------------------------------

==============================================================================


      Code (inc. data)   RO Data    RW Data    ZI Data      Debug   

     32216       7802       2532        992       9960     512900   Grand Totals
     32216       7802       2532        268       9960     512900   ELF Image Totals (compressed)
     32216       7802       2532        268          0          0   ROM Totals

==============================================================================

    Total RO  Size (Code + RO Data)                34748 (  33.93kB)
    Total RW  Size (RW Data + ZI Data)             10952 (  10.70kB)
    Total ROM Size (Code + RO Data + RW Data)      35016 (  34.20kB)

==============================================================================

