<html>
<body>
<pre>
<h1>礦ision Build Log</h1>
<h2>Tool Versions:</h2>
IDE-Version: μVision V5.21.1.0
Copyright (C) 2016 ARM Ltd and ARM Germany GmbH. All rights reserved.
License Information: admin admin, admin, LIC=GMZGK-ZKC3F-FVF1N-YJ8F7-1TV5W-2E328
 
Tool Versions:
Toolchain:       MDK-ARM Plus  Version: 5.21a
Toolchain Path:  D:\Program Files\Keil_v5\ARM\ARMCC\Bin
C Compiler:      Armcc.exe V5.06 update 3 (build 300)
Assembler:       Armasm.exe V5.06 update 3 (build 300)
Linker/Locator:  ArmLink.exe V5.06 update 3 (build 300)
Library Manager: ArmAr.exe V5.06 update 3 (build 300)
Hex Converter:   FromElf.exe V5.06 update 3 (build 300)
CPU DLL:         SARMCM3.DLL V5.21a
Dialog DLL:      DCM.DLL V1.13.8.0
Target DLL:      STLink\ST-LINKIII-KEIL_SWO.dll V2.0.18.0
Dialog DLL:      TCM.DLL V1.14.14.0
 
<h2>Project:</h2>
C:\Users\U\Desktop\工程\Dolphin - 8 - 30 PM2\Dolphin - 8 - 30 PM\RT-Thread-STM32\Project\project.uvprojx
Project File Date:  08/30/2016

<h2>Output:</h2>
*** Using Compiler 'V5.06 update 3 (build 300)', folder: 'D:\Program Files\Keil_v5\ARM\ARMCC\Bin'
Build target 'rtthread-stm32'
linking...
..\obj\project.axf: Warning: L6319W: Ignoring --keep command. Cannot find section *.o(FSymTab).
..\obj\project.axf: Warning: L6319W: Ignoring --keep command. Cannot find section *.o(VSymTab).
Program Size: Code=32204 RO-data=2544 RW-data=996 ZI-data=9964  
Finished: 0 information, 2 warning and 0 error messages.
"..\obj\project.axf" - 0 Error(s), 2 Warning(s).

<h2>Software Packages used:</h2>

Package Vendor: ARM
                http://www.keil.com/pack/ARM.CMSIS.5.0.0-Beta4.pack
                ARM::CMSIS:CORE:5.0.0
                CMSIS (Cortex Microcontroller Software Interface Standard)
   * Component: CORE Version: 5.0.0

<h2>Collection of Component include folders:</h2>
  C:\Users\U\Desktop\工程\Dolphin - 8 - 30 PM2\Dolphin - 8 - 30 PM\RT-Thread-STM32\Project\RTE
  D:\Program Files\Keil_v5\ARM\PACK\ARM\CMSIS\5.0.0-Beta4\CMSIS\Include
  D:\Program Files\Keil_v5\ARM\PACK\Keil\STM32F1xx_DFP\2.1.0\Device\Include

<h2>Collection of Component Files used:</h2>

   * Component: ARM::CMSIS:CORE:5.0.0
Build Time Elapsed:  00:00:01
</pre>
</body>
</html>
